.clang-format
.gitattributes
.github/workflows/codeql-analysis.yml
.gitignore
.travis.yml
CMakeLists.txt
CREDITS.md
LICENSE.md
Makefile
Makefile.osx
Qt/CivetWeb.pro
README.md
RELEASE_NOTES.md
SECURITY.md
VisualStudio/buildRelease.pl
VisualStudio/civetweb.sln
VisualStudio/civetweb/civetweb.vcxproj
VisualStudio/civetweb/civetweb.vcxproj.filters
VisualStudio/civetweb_lua/civetweb_lua.vcxproj
VisualStudio/civetweb_lua/civetweb_lua.vcxproj.filters
VisualStudio/civetweb_yassl/civetweb_yassl.sln
VisualStudio/civetweb_yassl/civetweb_yassl/civetweb_yassl.vcxproj
VisualStudio/civetweb_yassl/civetweb_yassl/civetweb_yassl.vcxproj.filters
VisualStudio/civetweb_yassl/yassl_lib/yassl_lib.vcxproj
VisualStudio/civetweb_yassl/yassl_lib/yassl_lib.vcxproj.filters
VisualStudio/duktape_lib/duktape_lib.vcxproj
VisualStudio/duktape_lib/duktape_lib.vcxproj.filters
VisualStudio/ex_embed_cpp/ex_embed_cpp.vcxproj
VisualStudio/ex_embed_cpp/ex_embed_cpp.vcxproj.filters
VisualStudio/ex_embedded_c/ex_embedded_c.vcxproj
VisualStudio/ex_embedded_c/ex_embedded_c.vcxproj.filters
VisualStudio/ex_websocket/ex_websocket.vcxproj
VisualStudio/ex_websocket/ex_websocket.vcxproj.filters
VisualStudio/ex_websocket_client/ex_websocket_client.vcxproj
VisualStudio/ex_websocket_client/ex_websocket_client.vcxproj.filters
VisualStudio/lua_lib/lua_lib.vcxproj
VisualStudio/lua_lib/lua_lib.vcxproj.filters
VisualStudio/unit_test/unit_test.vcxproj
VisualStudio/unit_test/unit_test.vcxproj.filters
VisualStudio/upload/upload.vcxproj
VisualStudio/upload/upload.vcxproj.filters
_config.yml
appveyor.yml
build
build.cmd
ci/test/01_basic/basic_spec.lua
ci/test/01_basic/docroot/01_basic_test_dir/git_keep_empty_dir
ci/test/01_basic/docroot/01_basic_test_file
ci/test/README.md
ci/test/civet.lua
ci/travis/install_rocks.sh
ci/travis/lua_env.sh
ci/travis/platform.sh
ci/travis/run_ci_tests.sh
ci/travis/setup_lua.sh
cmake/AddCCompilerFlag.cmake
cmake/AddCXXCompilerFlag.cmake
cmake/DetermineTargetArchitecture.cmake
cmake/FindLibDl.cmake
cmake/FindLibM.cmake
cmake/FindLibRt.cmake
cmake/FindWinSock.cmake
cmake/check/c82fe8888aacfe784476112edd3878256d2e30bc.patch
cmake/check/check_run.patch
cmake/check/patch.cmake
cmake/civetweb-config.cmake.in
codecov.yml
conan/build.py
conan/test_package/CMakeLists.txt
conan/test_package/conanfile.py
conan/test_package/test_package.cpp
conan/travis/build.sh
conan/travis/install.sh
conanfile.py
contrib/buildroot/Config.in
contrib/buildroot/civetweb.mk
distribution/arch/PKGBUILD.git.example
distribution/arch/civetweb.service
docs/APIReference.md
docs/Building.md
docs/Contribution.md
docs/Embedding.md
docs/Installing.md
docs/OpenSSL.md
docs/README.md
docs/UserManual.md
docs/_config.yml
docs/api/mg_callbacks.md
docs/api/mg_check_digest_access_authentication.md
docs/api/mg_check_feature.md
docs/api/mg_client_cert.md
docs/api/mg_client_options.md
docs/api/mg_close_connection.md
docs/api/mg_connect_client.md
docs/api/mg_connect_client_secure.md
docs/api/mg_connect_websocket_client.md
docs/api/mg_cry.md
docs/api/mg_download.md
docs/api/mg_error_data.md
docs/api/mg_exit_library.md
docs/api/mg_form_data_handler.md
docs/api/mg_get_builtin_mime_type.md
docs/api/mg_get_connection_info.md
docs/api/mg_get_context.md
docs/api/mg_get_context_info.md
docs/api/mg_get_cookie.md
docs/api/mg_get_header.md
docs/api/mg_get_option.md
docs/api/mg_get_ports.md
docs/api/mg_get_request_info.md
docs/api/mg_get_request_link.md
docs/api/mg_get_response.md
docs/api/mg_get_response_code_text.md
docs/api/mg_get_response_info.md
docs/api/mg_get_server_ports.md
docs/api/mg_get_system_info.md
docs/api/mg_get_thread_pointer.md
docs/api/mg_get_user_connection_data.md
docs/api/mg_get_user_data.md
docs/api/mg_get_valid_option_names.md
docs/api/mg_get_valid_options.md
docs/api/mg_get_var.md
docs/api/mg_get_var2.md
docs/api/mg_handle_form_request.md
docs/api/mg_header.md
docs/api/mg_init_data.md
docs/api/mg_init_library.md
docs/api/mg_lock_connection.md
docs/api/mg_lock_context.md
docs/api/mg_md5.md
docs/api/mg_modify_passwords_file.md
docs/api/mg_modify_passwords_file_ha1.md
docs/api/mg_option.md
docs/api/mg_printf.md
docs/api/mg_read.md
docs/api/mg_request_info.md
docs/api/mg_response_header_X.md
docs/api/mg_response_info.md
docs/api/mg_send_chunk.md
docs/api/mg_send_digest_access_authentication_request.md
docs/api/mg_send_file.md
docs/api/mg_send_file_body.md
docs/api/mg_send_http_error.md
docs/api/mg_send_http_ok.md
docs/api/mg_send_http_redirect.md
docs/api/mg_send_mime_file.md
docs/api/mg_send_mime_file2.md
docs/api/mg_server_port.md
docs/api/mg_set_auth_handler.md
docs/api/mg_set_request_handler.md
docs/api/mg_set_user_connection_data.md
docs/api/mg_set_websocket_handler.md
docs/api/mg_set_websocket_handler_with_subprotocols.md
docs/api/mg_split_form_urlencoded.md
docs/api/mg_start.md
docs/api/mg_start_thread.md
docs/api/mg_stop.md
docs/api/mg_store_body.md
docs/api/mg_strcasecmp.md
docs/api/mg_strncasecmp.md
docs/api/mg_unlock_connection.md
docs/api/mg_unlock_context.md
docs/api/mg_upload.md
docs/api/mg_url_decode.md
docs/api/mg_url_encode.md
docs/api/mg_version.md
docs/api/mg_websocket_client_write.md
docs/api/mg_websocket_subprotocols.md
docs/api/mg_websocket_write.md
docs/api/mg_write.md
docs/mbedtls.md
docs/yaSSL.md
examples/README.md
examples/embedded_c/Makefile
examples/embedded_c/embedded_c.c
examples/embedded_cpp/Makefile
examples/embedded_cpp/embedded_cpp.cpp
examples/https/README.md
examples/https/civetweb.conf
examples/multidomain/README.md
examples/multidomain/add_domain.conf
examples/multidomain/base_domain.conf
examples/rest/Makefile
examples/rest/cJSON/LICENSE
examples/rest/cJSON/README.md
examples/rest/cJSON/cJSON.c
examples/rest/cJSON/cJSON.h
examples/rest/cJSON/cJSON_Utils.c
examples/rest/cJSON/cJSON_Utils.h
examples/rest/rest.c
examples/ws_client/build.sh
examples/ws_client/ws_client.c
format.bat
fuzztest/README.txt
fuzztest/build.sh
fuzztest/build_and_run.sh
fuzztest/build_with_all.sh
fuzztest/docroot/test.txt
fuzztest/fuzzmain.c
fuzztest/http1.dict
fuzztest/http1/GET_root.bin
fuzztest/http1/GET_test.bin
fuzztest/http1c/RESULT_200_1.bin
fuzztest/http1c/RESULT_200_2.bin
fuzztest/http1c/RESULT_400_1.bin
fuzztest/url/test_txt
include/CivetServer.h
include/civetweb.h
mingw.cmd
resources/Info.plist
resources/Makefile.in-duktape
resources/Makefile.in-lua
resources/Makefile.in-os
resources/cert/client.crt
resources/cert/client.csr
resources/cert/client.key
resources/cert/client.key.orig
resources/cert/client.pem
resources/cert/client.pfx
resources/cert/make_certs.bat
resources/cert/make_certs.sh
resources/cert/server.crt
resources/cert/server.csr
resources/cert/server.key
resources/cert/server.key.orig
resources/cert/server.pem
resources/cert/server.pin
resources/cert/server_bkup.crt
resources/cert/server_bkup.csr
resources/cert/server_bkup.key
resources/cert/server_bkup.key.orig
resources/cert/server_bkup.pem
resources/cert/server_bkup.pin
resources/check_defines.lua
resources/civetweb.conf
resources/civetweb.icns
resources/civetweb.psd
resources/civetweb_16x16.png
resources/civetweb_16x16@2.png
resources/civetweb_22x22.png
resources/civetweb_22x22@2.png
resources/civetweb_32x32.png
resources/civetweb_32x32@2.png
resources/civetweb_64x64.png
resources/civetweb_64x64@2.png
resources/complete.lua
resources/coverity_check.sh
resources/duktape-logo.png
resources/itworks.html
resources/jni/Android.mk
resources/lua-logo.jpg
resources/luafilesystem-logo.jpg
resources/luasqlite-logo.jpg
resources/luaxml-logo.jpg
resources/mingw.bat
resources/res.rc
resources/sqlite3-logo.jpg
resources/ssl_cert.pem
resources/systray.ico
resources/used_defines.txt
src/CMakeLists.txt
src/CivetServer.cpp
src/civetweb.c
src/civetweb_private_lua.h
src/handle_form.inl
src/main.c
src/md5.inl
src/mod_duktape.inl
src/mod_http2.inl
src/mod_lua.inl
src/mod_lua_shared.inl
src/mod_mbedtls.inl
src/mod_zlib.inl
src/openssl_dl.inl
src/response.inl
src/sha1.inl
src/third_party/LuaXML.lua
src/third_party/LuaXML_lib.c
src/third_party/LuaXML_lib.h
src/third_party/civetweb_lua.h
src/third_party/duktape-1.5.2/AUTHORS.rst
src/third_party/duktape-1.5.2/LICENSE.txt
src/third_party/duktape-1.5.2/Makefile.cmdline
src/third_party/duktape-1.5.2/Makefile.codepage
src/third_party/duktape-1.5.2/Makefile.coffee
src/third_party/duktape-1.5.2/Makefile.dukdebug
src/third_party/duktape-1.5.2/Makefile.eval
src/third_party/duktape-1.5.2/Makefile.eventloop
src/third_party/duktape-1.5.2/Makefile.hello
src/third_party/duktape-1.5.2/Makefile.jxpretty
src/third_party/duktape-1.5.2/Makefile.sandbox
src/third_party/duktape-1.5.2/Makefile.sharedlibrary
src/third_party/duktape-1.5.2/README.rst
src/third_party/duktape-1.5.2/config/README.rst
src/third_party/duktape-1.5.2/config/duk_config.h-modular-dll
src/third_party/duktape-1.5.2/config/duk_config.h-modular-static
src/third_party/duktape-1.5.2/config/genconfig.py
src/third_party/duktape-1.5.2/config/genconfig_metadata.tar.gz
src/third_party/duktape-1.5.2/debugger/Makefile
src/third_party/duktape-1.5.2/debugger/README.rst
src/third_party/duktape-1.5.2/debugger/duk_classnames.yaml
src/third_party/duktape-1.5.2/debugger/duk_debug.js
src/third_party/duktape-1.5.2/debugger/duk_debug_meta.json
src/third_party/duktape-1.5.2/debugger/duk_debug_proxy.js
src/third_party/duktape-1.5.2/debugger/duk_debugcommands.yaml
src/third_party/duktape-1.5.2/debugger/duk_debugerrors.yaml
src/third_party/duktape-1.5.2/debugger/duk_opcodes.yaml
src/third_party/duktape-1.5.2/debugger/merge_debug_meta.py
src/third_party/duktape-1.5.2/debugger/package.json
src/third_party/duktape-1.5.2/debugger/static/index.html
src/third_party/duktape-1.5.2/debugger/static/style.css
src/third_party/duktape-1.5.2/debugger/static/webui.js
src/third_party/duktape-1.5.2/duk_build_meta.json
src/third_party/duktape-1.5.2/examples/README.rst
src/third_party/duktape-1.5.2/examples/alloc-hybrid/README.rst
src/third_party/duktape-1.5.2/examples/alloc-hybrid/duk_alloc_hybrid.c
src/third_party/duktape-1.5.2/examples/alloc-hybrid/duk_alloc_hybrid.h
src/third_party/duktape-1.5.2/examples/alloc-logging/README.rst
src/third_party/duktape-1.5.2/examples/alloc-logging/duk_alloc_logging.c
src/third_party/duktape-1.5.2/examples/alloc-logging/duk_alloc_logging.h
src/third_party/duktape-1.5.2/examples/alloc-logging/log2gnuplot.py
src/third_party/duktape-1.5.2/examples/alloc-torture/README.rst
src/third_party/duktape-1.5.2/examples/alloc-torture/duk_alloc_torture.c
src/third_party/duktape-1.5.2/examples/alloc-torture/duk_alloc_torture.h
src/third_party/duktape-1.5.2/examples/cmdline/README.rst
src/third_party/duktape-1.5.2/examples/cmdline/duk_cmdline.c
src/third_party/duktape-1.5.2/examples/cmdline/duk_cmdline_ajduk.c
src/third_party/duktape-1.5.2/examples/codepage-conv/README.rst
src/third_party/duktape-1.5.2/examples/codepage-conv/duk_codepage_conv.c
src/third_party/duktape-1.5.2/examples/codepage-conv/duk_codepage_conv.h
src/third_party/duktape-1.5.2/examples/codepage-conv/test.c
src/third_party/duktape-1.5.2/examples/coffee/README.rst
src/third_party/duktape-1.5.2/examples/coffee/globals.coffee
src/third_party/duktape-1.5.2/examples/coffee/hello.coffee
src/third_party/duktape-1.5.2/examples/coffee/mandel.coffee
src/third_party/duktape-1.5.2/examples/cpp-exceptions/README.rst
src/third_party/duktape-1.5.2/examples/cpp-exceptions/cpp_exceptions.cpp
src/third_party/duktape-1.5.2/examples/debug-trans-dvalue/Makefile
src/third_party/duktape-1.5.2/examples/debug-trans-dvalue/README.rst
src/third_party/duktape-1.5.2/examples/debug-trans-dvalue/duk_trans_dvalue.c
src/third_party/duktape-1.5.2/examples/debug-trans-dvalue/duk_trans_dvalue.h
src/third_party/duktape-1.5.2/examples/debug-trans-dvalue/test.c
src/third_party/duktape-1.5.2/examples/debug-trans-socket/README.rst
src/third_party/duktape-1.5.2/examples/debug-trans-socket/duk_trans_socket.h
src/third_party/duktape-1.5.2/examples/debug-trans-socket/duk_trans_socket_unix.c
src/third_party/duktape-1.5.2/examples/debug-trans-socket/duk_trans_socket_windows.c
src/third_party/duktape-1.5.2/examples/dummy-date-provider/README.rst
src/third_party/duktape-1.5.2/examples/dummy-date-provider/dummy_date_provider.c
src/third_party/duktape-1.5.2/examples/eval/README.rst
src/third_party/duktape-1.5.2/examples/eval/eval.c
src/third_party/duktape-1.5.2/examples/eventloop/README.rst
src/third_party/duktape-1.5.2/examples/eventloop/basic-test.js
src/third_party/duktape-1.5.2/examples/eventloop/c_eventloop.c
src/third_party/duktape-1.5.2/examples/eventloop/c_eventloop.js
src/third_party/duktape-1.5.2/examples/eventloop/client-socket-test.js
src/third_party/duktape-1.5.2/examples/eventloop/curses-timers.js
src/third_party/duktape-1.5.2/examples/eventloop/ecma_eventloop.js
src/third_party/duktape-1.5.2/examples/eventloop/fileio.c
src/third_party/duktape-1.5.2/examples/eventloop/main.c
src/third_party/duktape-1.5.2/examples/eventloop/ncurses.c
src/third_party/duktape-1.5.2/examples/eventloop/poll.c
src/third_party/duktape-1.5.2/examples/eventloop/server-socket-test.js
src/third_party/duktape-1.5.2/examples/eventloop/socket.c
src/third_party/duktape-1.5.2/examples/guide/README.rst
src/third_party/duktape-1.5.2/examples/guide/fib.js
src/third_party/duktape-1.5.2/examples/guide/prime.js
src/third_party/duktape-1.5.2/examples/guide/primecheck.c
src/third_party/duktape-1.5.2/examples/guide/process.js
src/third_party/duktape-1.5.2/examples/guide/processlines.c
src/third_party/duktape-1.5.2/examples/guide/uppercase.c
src/third_party/duktape-1.5.2/examples/hello/README.rst
src/third_party/duktape-1.5.2/examples/hello/hello.c
src/third_party/duktape-1.5.2/examples/jxpretty/README.rst
src/third_party/duktape-1.5.2/examples/jxpretty/jxpretty.c
src/third_party/duktape-1.5.2/examples/sandbox/README.rst
src/third_party/duktape-1.5.2/examples/sandbox/sandbox.c
src/third_party/duktape-1.5.2/extras/README.rst
src/third_party/duktape-1.5.2/license.spdx
src/third_party/duktape-1.5.2/licenses/commonjs.txt
src/third_party/duktape-1.5.2/licenses/lua.txt
src/third_party/duktape-1.5.2/licenses/murmurhash2.txt
src/third_party/duktape-1.5.2/mandel.js
src/third_party/duktape-1.5.2/polyfills/console-minimal.js
src/third_party/duktape-1.5.2/polyfills/duktape-error-setter-nonwritable.js
src/third_party/duktape-1.5.2/polyfills/duktape-error-setter-writable.js
src/third_party/duktape-1.5.2/polyfills/duktape-isfastint.js
src/third_party/duktape-1.5.2/polyfills/object-assign.js
src/third_party/duktape-1.5.2/polyfills/object-prototype-definegetter.js
src/third_party/duktape-1.5.2/polyfills/object-prototype-definesetter.js
src/third_party/duktape-1.5.2/polyfills/performance-now.js
src/third_party/duktape-1.5.2/src-noline/duk_config.h
src/third_party/duktape-1.5.2/src-noline/duktape.c
src/third_party/duktape-1.5.2/src-noline/duktape.h
src/third_party/duktape-1.5.2/src-noline/metadata.json
src/third_party/duktape-1.5.2/src-separate/duk_alloc_default.c
src/third_party/duktape-1.5.2/src-separate/duk_api_buffer.c
src/third_party/duktape-1.5.2/src-separate/duk_api_bytecode.c
src/third_party/duktape-1.5.2/src-separate/duk_api_call.c
src/third_party/duktape-1.5.2/src-separate/duk_api_codec.c
src/third_party/duktape-1.5.2/src-separate/duk_api_compile.c
src/third_party/duktape-1.5.2/src-separate/duk_api_debug.c
src/third_party/duktape-1.5.2/src-separate/duk_api_heap.c
src/third_party/duktape-1.5.2/src-separate/duk_api_internal.h
src/third_party/duktape-1.5.2/src-separate/duk_api_logging.c
src/third_party/duktape-1.5.2/src-separate/duk_api_memory.c
src/third_party/duktape-1.5.2/src-separate/duk_api_object.c
src/third_party/duktape-1.5.2/src-separate/duk_api_stack.c
src/third_party/duktape-1.5.2/src-separate/duk_api_string.c
src/third_party/duktape-1.5.2/src-separate/duk_api_var.c
src/third_party/duktape-1.5.2/src-separate/duk_bi_array.c
src/third_party/duktape-1.5.2/src-separate/duk_bi_boolean.c
src/third_party/duktape-1.5.2/src-separate/duk_bi_buffer.c
src/third_party/duktape-1.5.2/src-separate/duk_bi_date.c
src/third_party/duktape-1.5.2/src-separate/duk_bi_date_unix.c
src/third_party/duktape-1.5.2/src-separate/duk_bi_date_windows.c
src/third_party/duktape-1.5.2/src-separate/duk_bi_duktape.c
src/third_party/duktape-1.5.2/src-separate/duk_bi_error.c
src/third_party/duktape-1.5.2/src-separate/duk_bi_function.c
src/third_party/duktape-1.5.2/src-separate/duk_bi_global.c
src/third_party/duktape-1.5.2/src-separate/duk_bi_json.c
src/third_party/duktape-1.5.2/src-separate/duk_bi_logger.c
src/third_party/duktape-1.5.2/src-separate/duk_bi_math.c
src/third_party/duktape-1.5.2/src-separate/duk_bi_number.c
src/third_party/duktape-1.5.2/src-separate/duk_bi_object.c
src/third_party/duktape-1.5.2/src-separate/duk_bi_pointer.c
src/third_party/duktape-1.5.2/src-separate/duk_bi_protos.h
src/third_party/duktape-1.5.2/src-separate/duk_bi_proxy.c
src/third_party/duktape-1.5.2/src-separate/duk_bi_regexp.c
src/third_party/duktape-1.5.2/src-separate/duk_bi_string.c
src/third_party/duktape-1.5.2/src-separate/duk_bi_thread.c
src/third_party/duktape-1.5.2/src-separate/duk_bi_thrower.c
src/third_party/duktape-1.5.2/src-separate/duk_builtins.c
src/third_party/duktape-1.5.2/src-separate/duk_builtins.h
src/third_party/duktape-1.5.2/src-separate/duk_config.h
src/third_party/duktape-1.5.2/src-separate/duk_debug.h
src/third_party/duktape-1.5.2/src-separate/duk_debug_fixedbuffer.c
src/third_party/duktape-1.5.2/src-separate/duk_debug_heap.c
src/third_party/duktape-1.5.2/src-separate/duk_debug_macros.c
src/third_party/duktape-1.5.2/src-separate/duk_debug_vsnprintf.c
src/third_party/duktape-1.5.2/src-separate/duk_debugger.c
src/third_party/duktape-1.5.2/src-separate/duk_debugger.h
src/third_party/duktape-1.5.2/src-separate/duk_error.h
src/third_party/duktape-1.5.2/src-separate/duk_error_augment.c
src/third_party/duktape-1.5.2/src-separate/duk_error_longjmp.c
src/third_party/duktape-1.5.2/src-separate/duk_error_macros.c
src/third_party/duktape-1.5.2/src-separate/duk_error_misc.c
src/third_party/duktape-1.5.2/src-separate/duk_error_throw.c
src/third_party/duktape-1.5.2/src-separate/duk_exception.h
src/third_party/duktape-1.5.2/src-separate/duk_forwdecl.h
src/third_party/duktape-1.5.2/src-separate/duk_hbuffer.h
src/third_party/duktape-1.5.2/src-separate/duk_hbuffer_alloc.c
src/third_party/duktape-1.5.2/src-separate/duk_hbuffer_ops.c
src/third_party/duktape-1.5.2/src-separate/duk_hbufferobject.h
src/third_party/duktape-1.5.2/src-separate/duk_hbufferobject_misc.c
src/third_party/duktape-1.5.2/src-separate/duk_hcompiledfunction.h
src/third_party/duktape-1.5.2/src-separate/duk_heap.h
src/third_party/duktape-1.5.2/src-separate/duk_heap_alloc.c
src/third_party/duktape-1.5.2/src-separate/duk_heap_hashstring.c
src/third_party/duktape-1.5.2/src-separate/duk_heap_markandsweep.c
src/third_party/duktape-1.5.2/src-separate/duk_heap_memory.c
src/third_party/duktape-1.5.2/src-separate/duk_heap_misc.c
src/third_party/duktape-1.5.2/src-separate/duk_heap_refcount.c
src/third_party/duktape-1.5.2/src-separate/duk_heap_stringcache.c
src/third_party/duktape-1.5.2/src-separate/duk_heap_stringtable.c
src/third_party/duktape-1.5.2/src-separate/duk_heaphdr.h
src/third_party/duktape-1.5.2/src-separate/duk_hnativefunction.h
src/third_party/duktape-1.5.2/src-separate/duk_hobject.h
src/third_party/duktape-1.5.2/src-separate/duk_hobject_alloc.c
src/third_party/duktape-1.5.2/src-separate/duk_hobject_class.c
src/third_party/duktape-1.5.2/src-separate/duk_hobject_enum.c
src/third_party/duktape-1.5.2/src-separate/duk_hobject_finalizer.c
src/third_party/duktape-1.5.2/src-separate/duk_hobject_misc.c
src/third_party/duktape-1.5.2/src-separate/duk_hobject_pc2line.c
src/third_party/duktape-1.5.2/src-separate/duk_hobject_props.c
src/third_party/duktape-1.5.2/src-separate/duk_hstring.h
src/third_party/duktape-1.5.2/src-separate/duk_hstring_misc.c
src/third_party/duktape-1.5.2/src-separate/duk_hthread.h
src/third_party/duktape-1.5.2/src-separate/duk_hthread_alloc.c
src/third_party/duktape-1.5.2/src-separate/duk_hthread_builtins.c
src/third_party/duktape-1.5.2/src-separate/duk_hthread_misc.c
src/third_party/duktape-1.5.2/src-separate/duk_hthread_stacks.c
src/third_party/duktape-1.5.2/src-separate/duk_initjs_min.js
src/third_party/duktape-1.5.2/src-separate/duk_internal.h
src/third_party/duktape-1.5.2/src-separate/duk_jmpbuf.h
src/third_party/duktape-1.5.2/src-separate/duk_js.h
src/third_party/duktape-1.5.2/src-separate/duk_js_bytecode.h
src/third_party/duktape-1.5.2/src-separate/duk_js_call.c
src/third_party/duktape-1.5.2/src-separate/duk_js_compiler.c
src/third_party/duktape-1.5.2/src-separate/duk_js_compiler.h
src/third_party/duktape-1.5.2/src-separate/duk_js_executor.c
src/third_party/duktape-1.5.2/src-separate/duk_js_ops.c
src/third_party/duktape-1.5.2/src-separate/duk_js_var.c
src/third_party/duktape-1.5.2/src-separate/duk_json.h
src/third_party/duktape-1.5.2/src-separate/duk_lexer.c
src/third_party/duktape-1.5.2/src-separate/duk_lexer.h
src/third_party/duktape-1.5.2/src-separate/duk_numconv.c
src/third_party/duktape-1.5.2/src-separate/duk_numconv.h
src/third_party/duktape-1.5.2/src-separate/duk_regexp.h
src/third_party/duktape-1.5.2/src-separate/duk_regexp_compiler.c
src/third_party/duktape-1.5.2/src-separate/duk_regexp_executor.c
src/third_party/duktape-1.5.2/src-separate/duk_replacements.c
src/third_party/duktape-1.5.2/src-separate/duk_replacements.h
src/third_party/duktape-1.5.2/src-separate/duk_selftest.c
src/third_party/duktape-1.5.2/src-separate/duk_selftest.h
src/third_party/duktape-1.5.2/src-separate/duk_strings.c
src/third_party/duktape-1.5.2/src-separate/duk_strings.h
src/third_party/duktape-1.5.2/src-separate/duk_tval.c
src/third_party/duktape-1.5.2/src-separate/duk_tval.h
src/third_party/duktape-1.5.2/src-separate/duk_unicode.h
src/third_party/duktape-1.5.2/src-separate/duk_unicode_support.c
src/third_party/duktape-1.5.2/src-separate/duk_unicode_tables.c
src/third_party/duktape-1.5.2/src-separate/duk_util.h
src/third_party/duktape-1.5.2/src-separate/duk_util_bitdecoder.c
src/third_party/duktape-1.5.2/src-separate/duk_util_bitencoder.c
src/third_party/duktape-1.5.2/src-separate/duk_util_bufwriter.c
src/third_party/duktape-1.5.2/src-separate/duk_util_hashbytes.c
src/third_party/duktape-1.5.2/src-separate/duk_util_hashprime.c
src/third_party/duktape-1.5.2/src-separate/duk_util_misc.c
src/third_party/duktape-1.5.2/src-separate/duk_util_tinyrandom.c
src/third_party/duktape-1.5.2/src-separate/duktape.h
src/third_party/duktape-1.5.2/src/duk_config.h
src/third_party/duktape-1.5.2/src/duktape.c
src/third_party/duktape-1.5.2/src/duktape.h
src/third_party/duktape-1.5.2/src/metadata.json
src/third_party/duktape-1.8.0/AUTHORS.rst
src/third_party/duktape-1.8.0/LICENSE.txt
src/third_party/duktape-1.8.0/Makefile.cmdline
src/third_party/duktape-1.8.0/Makefile.codepage
src/third_party/duktape-1.8.0/Makefile.coffee
src/third_party/duktape-1.8.0/Makefile.dukdebug
src/third_party/duktape-1.8.0/Makefile.eval
src/third_party/duktape-1.8.0/Makefile.eventloop
src/third_party/duktape-1.8.0/Makefile.hello
src/third_party/duktape-1.8.0/Makefile.jxpretty
src/third_party/duktape-1.8.0/Makefile.sandbox
src/third_party/duktape-1.8.0/Makefile.sharedlibrary
src/third_party/duktape-1.8.0/README.rst
src/third_party/duktape-1.8.0/config/README.rst
src/third_party/duktape-1.8.0/config/duk_config.h-modular-dll
src/third_party/duktape-1.8.0/config/duk_config.h-modular-static
src/third_party/duktape-1.8.0/config/genconfig.py
src/third_party/duktape-1.8.0/config/genconfig_metadata.tar.gz
src/third_party/duktape-1.8.0/debugger/Makefile
src/third_party/duktape-1.8.0/debugger/README.rst
src/third_party/duktape-1.8.0/debugger/duk_classnames.yaml
src/third_party/duktape-1.8.0/debugger/duk_debug.js
src/third_party/duktape-1.8.0/debugger/duk_debug_meta.json
src/third_party/duktape-1.8.0/debugger/duk_debug_proxy.js
src/third_party/duktape-1.8.0/debugger/duk_debugcommands.yaml
src/third_party/duktape-1.8.0/debugger/duk_debugerrors.yaml
src/third_party/duktape-1.8.0/debugger/duk_opcodes.yaml
src/third_party/duktape-1.8.0/debugger/merge_debug_meta.py
src/third_party/duktape-1.8.0/debugger/package.json
src/third_party/duktape-1.8.0/debugger/static/index.html
src/third_party/duktape-1.8.0/debugger/static/style.css
src/third_party/duktape-1.8.0/debugger/static/webui.js
src/third_party/duktape-1.8.0/duk_build_meta.json
src/third_party/duktape-1.8.0/examples/README.rst
src/third_party/duktape-1.8.0/examples/alloc-hybrid/README.rst
src/third_party/duktape-1.8.0/examples/alloc-hybrid/duk_alloc_hybrid.c
src/third_party/duktape-1.8.0/examples/alloc-hybrid/duk_alloc_hybrid.h
src/third_party/duktape-1.8.0/examples/alloc-logging/README.rst
src/third_party/duktape-1.8.0/examples/alloc-logging/duk_alloc_logging.c
src/third_party/duktape-1.8.0/examples/alloc-logging/duk_alloc_logging.h
src/third_party/duktape-1.8.0/examples/alloc-logging/log2gnuplot.py
src/third_party/duktape-1.8.0/examples/alloc-torture/README.rst
src/third_party/duktape-1.8.0/examples/alloc-torture/duk_alloc_torture.c
src/third_party/duktape-1.8.0/examples/alloc-torture/duk_alloc_torture.h
src/third_party/duktape-1.8.0/examples/cmdline/README.rst
src/third_party/duktape-1.8.0/examples/cmdline/duk_cmdline.c
src/third_party/duktape-1.8.0/examples/cmdline/duk_cmdline_ajduk.c
src/third_party/duktape-1.8.0/examples/codepage-conv/README.rst
src/third_party/duktape-1.8.0/examples/codepage-conv/duk_codepage_conv.c
src/third_party/duktape-1.8.0/examples/codepage-conv/duk_codepage_conv.h
src/third_party/duktape-1.8.0/examples/codepage-conv/test.c
src/third_party/duktape-1.8.0/examples/coffee/README.rst
src/third_party/duktape-1.8.0/examples/coffee/globals.coffee
src/third_party/duktape-1.8.0/examples/coffee/hello.coffee
src/third_party/duktape-1.8.0/examples/coffee/mandel.coffee
src/third_party/duktape-1.8.0/examples/cpp-exceptions/README.rst
src/third_party/duktape-1.8.0/examples/cpp-exceptions/cpp_exceptions.cpp
src/third_party/duktape-1.8.0/examples/debug-trans-dvalue/Makefile
src/third_party/duktape-1.8.0/examples/debug-trans-dvalue/README.rst
src/third_party/duktape-1.8.0/examples/debug-trans-dvalue/duk_trans_dvalue.c
src/third_party/duktape-1.8.0/examples/debug-trans-dvalue/duk_trans_dvalue.h
src/third_party/duktape-1.8.0/examples/debug-trans-dvalue/test.c
src/third_party/duktape-1.8.0/examples/debug-trans-socket/README.rst
src/third_party/duktape-1.8.0/examples/debug-trans-socket/duk_trans_socket.h
src/third_party/duktape-1.8.0/examples/debug-trans-socket/duk_trans_socket_unix.c
src/third_party/duktape-1.8.0/examples/debug-trans-socket/duk_trans_socket_windows.c
src/third_party/duktape-1.8.0/examples/dummy-date-provider/README.rst
src/third_party/duktape-1.8.0/examples/dummy-date-provider/dummy_date_provider.c
src/third_party/duktape-1.8.0/examples/eval/README.rst
src/third_party/duktape-1.8.0/examples/eval/eval.c
src/third_party/duktape-1.8.0/examples/eventloop/README.rst
src/third_party/duktape-1.8.0/examples/eventloop/basic-test.js
src/third_party/duktape-1.8.0/examples/eventloop/c_eventloop.c
src/third_party/duktape-1.8.0/examples/eventloop/c_eventloop.js
src/third_party/duktape-1.8.0/examples/eventloop/client-socket-test.js
src/third_party/duktape-1.8.0/examples/eventloop/curses-timers.js
src/third_party/duktape-1.8.0/examples/eventloop/ecma_eventloop.js
src/third_party/duktape-1.8.0/examples/eventloop/fileio.c
src/third_party/duktape-1.8.0/examples/eventloop/main.c
src/third_party/duktape-1.8.0/examples/eventloop/ncurses.c
src/third_party/duktape-1.8.0/examples/eventloop/poll.c
src/third_party/duktape-1.8.0/examples/eventloop/server-socket-test.js
src/third_party/duktape-1.8.0/examples/eventloop/socket.c
src/third_party/duktape-1.8.0/examples/guide/README.rst
src/third_party/duktape-1.8.0/examples/guide/fib.js
src/third_party/duktape-1.8.0/examples/guide/prime.js
src/third_party/duktape-1.8.0/examples/guide/primecheck.c
src/third_party/duktape-1.8.0/examples/guide/process.js
src/third_party/duktape-1.8.0/examples/guide/processlines.c
src/third_party/duktape-1.8.0/examples/guide/uppercase.c
src/third_party/duktape-1.8.0/examples/hello/README.rst
src/third_party/duktape-1.8.0/examples/hello/hello.c
src/third_party/duktape-1.8.0/examples/jxpretty/README.rst
src/third_party/duktape-1.8.0/examples/jxpretty/jxpretty.c
src/third_party/duktape-1.8.0/examples/sandbox/README.rst
src/third_party/duktape-1.8.0/examples/sandbox/sandbox.c
src/third_party/duktape-1.8.0/extras/README.rst
src/third_party/duktape-1.8.0/license.spdx
src/third_party/duktape-1.8.0/licenses/commonjs.txt
src/third_party/duktape-1.8.0/licenses/lua.txt
src/third_party/duktape-1.8.0/licenses/murmurhash2.txt
src/third_party/duktape-1.8.0/mandel.js
src/third_party/duktape-1.8.0/polyfills/console-minimal.js
src/third_party/duktape-1.8.0/polyfills/duktape-error-setter-nonwritable.js
src/third_party/duktape-1.8.0/polyfills/duktape-error-setter-writable.js
src/third_party/duktape-1.8.0/polyfills/duktape-isfastint.js
src/third_party/duktape-1.8.0/polyfills/object-assign.js
src/third_party/duktape-1.8.0/polyfills/object-prototype-definegetter.js
src/third_party/duktape-1.8.0/polyfills/object-prototype-definesetter.js
src/third_party/duktape-1.8.0/polyfills/performance-now.js
src/third_party/duktape-1.8.0/src-noline/duk_config.h
src/third_party/duktape-1.8.0/src-noline/duktape.c
src/third_party/duktape-1.8.0/src-noline/duktape.h
src/third_party/duktape-1.8.0/src-noline/metadata.json
src/third_party/duktape-1.8.0/src-separate/duk_alloc_default.c
src/third_party/duktape-1.8.0/src-separate/duk_api_buffer.c
src/third_party/duktape-1.8.0/src-separate/duk_api_bytecode.c
src/third_party/duktape-1.8.0/src-separate/duk_api_call.c
src/third_party/duktape-1.8.0/src-separate/duk_api_codec.c
src/third_party/duktape-1.8.0/src-separate/duk_api_compile.c
src/third_party/duktape-1.8.0/src-separate/duk_api_debug.c
src/third_party/duktape-1.8.0/src-separate/duk_api_heap.c
src/third_party/duktape-1.8.0/src-separate/duk_api_internal.h
src/third_party/duktape-1.8.0/src-separate/duk_api_logging.c
src/third_party/duktape-1.8.0/src-separate/duk_api_memory.c
src/third_party/duktape-1.8.0/src-separate/duk_api_object.c
src/third_party/duktape-1.8.0/src-separate/duk_api_stack.c
src/third_party/duktape-1.8.0/src-separate/duk_api_string.c
src/third_party/duktape-1.8.0/src-separate/duk_api_var.c
src/third_party/duktape-1.8.0/src-separate/duk_bi_array.c
src/third_party/duktape-1.8.0/src-separate/duk_bi_boolean.c
src/third_party/duktape-1.8.0/src-separate/duk_bi_buffer.c
src/third_party/duktape-1.8.0/src-separate/duk_bi_date.c
src/third_party/duktape-1.8.0/src-separate/duk_bi_date_unix.c
src/third_party/duktape-1.8.0/src-separate/duk_bi_date_windows.c
src/third_party/duktape-1.8.0/src-separate/duk_bi_duktape.c
src/third_party/duktape-1.8.0/src-separate/duk_bi_error.c
src/third_party/duktape-1.8.0/src-separate/duk_bi_function.c
src/third_party/duktape-1.8.0/src-separate/duk_bi_global.c
src/third_party/duktape-1.8.0/src-separate/duk_bi_json.c
src/third_party/duktape-1.8.0/src-separate/duk_bi_logger.c
src/third_party/duktape-1.8.0/src-separate/duk_bi_math.c
src/third_party/duktape-1.8.0/src-separate/duk_bi_number.c
src/third_party/duktape-1.8.0/src-separate/duk_bi_object.c
src/third_party/duktape-1.8.0/src-separate/duk_bi_pointer.c
src/third_party/duktape-1.8.0/src-separate/duk_bi_protos.h
src/third_party/duktape-1.8.0/src-separate/duk_bi_proxy.c
src/third_party/duktape-1.8.0/src-separate/duk_bi_regexp.c
src/third_party/duktape-1.8.0/src-separate/duk_bi_string.c
src/third_party/duktape-1.8.0/src-separate/duk_bi_thread.c
src/third_party/duktape-1.8.0/src-separate/duk_bi_thrower.c
src/third_party/duktape-1.8.0/src-separate/duk_builtins.c
src/third_party/duktape-1.8.0/src-separate/duk_builtins.h
src/third_party/duktape-1.8.0/src-separate/duk_config.h
src/third_party/duktape-1.8.0/src-separate/duk_debug.h
src/third_party/duktape-1.8.0/src-separate/duk_debug_fixedbuffer.c
src/third_party/duktape-1.8.0/src-separate/duk_debug_heap.c
src/third_party/duktape-1.8.0/src-separate/duk_debug_macros.c
src/third_party/duktape-1.8.0/src-separate/duk_debug_vsnprintf.c
src/third_party/duktape-1.8.0/src-separate/duk_debugger.c
src/third_party/duktape-1.8.0/src-separate/duk_debugger.h
src/third_party/duktape-1.8.0/src-separate/duk_error.h
src/third_party/duktape-1.8.0/src-separate/duk_error_augment.c
src/third_party/duktape-1.8.0/src-separate/duk_error_longjmp.c
src/third_party/duktape-1.8.0/src-separate/duk_error_macros.c
src/third_party/duktape-1.8.0/src-separate/duk_error_misc.c
src/third_party/duktape-1.8.0/src-separate/duk_error_throw.c
src/third_party/duktape-1.8.0/src-separate/duk_exception.h
src/third_party/duktape-1.8.0/src-separate/duk_forwdecl.h
src/third_party/duktape-1.8.0/src-separate/duk_hbuffer.h
src/third_party/duktape-1.8.0/src-separate/duk_hbuffer_alloc.c
src/third_party/duktape-1.8.0/src-separate/duk_hbuffer_ops.c
src/third_party/duktape-1.8.0/src-separate/duk_hbufferobject.h
src/third_party/duktape-1.8.0/src-separate/duk_hbufferobject_misc.c
src/third_party/duktape-1.8.0/src-separate/duk_hcompiledfunction.h
src/third_party/duktape-1.8.0/src-separate/duk_heap.h
src/third_party/duktape-1.8.0/src-separate/duk_heap_alloc.c
src/third_party/duktape-1.8.0/src-separate/duk_heap_hashstring.c
src/third_party/duktape-1.8.0/src-separate/duk_heap_markandsweep.c
src/third_party/duktape-1.8.0/src-separate/duk_heap_memory.c
src/third_party/duktape-1.8.0/src-separate/duk_heap_misc.c
src/third_party/duktape-1.8.0/src-separate/duk_heap_refcount.c
src/third_party/duktape-1.8.0/src-separate/duk_heap_stringcache.c
src/third_party/duktape-1.8.0/src-separate/duk_heap_stringtable.c
src/third_party/duktape-1.8.0/src-separate/duk_heaphdr.h
src/third_party/duktape-1.8.0/src-separate/duk_hnativefunction.h
src/third_party/duktape-1.8.0/src-separate/duk_hobject.h
src/third_party/duktape-1.8.0/src-separate/duk_hobject_alloc.c
src/third_party/duktape-1.8.0/src-separate/duk_hobject_class.c
src/third_party/duktape-1.8.0/src-separate/duk_hobject_enum.c
src/third_party/duktape-1.8.0/src-separate/duk_hobject_finalizer.c
src/third_party/duktape-1.8.0/src-separate/duk_hobject_misc.c
src/third_party/duktape-1.8.0/src-separate/duk_hobject_pc2line.c
src/third_party/duktape-1.8.0/src-separate/duk_hobject_props.c
src/third_party/duktape-1.8.0/src-separate/duk_hstring.h
src/third_party/duktape-1.8.0/src-separate/duk_hstring_misc.c
src/third_party/duktape-1.8.0/src-separate/duk_hthread.h
src/third_party/duktape-1.8.0/src-separate/duk_hthread_alloc.c
src/third_party/duktape-1.8.0/src-separate/duk_hthread_builtins.c
src/third_party/duktape-1.8.0/src-separate/duk_hthread_misc.c
src/third_party/duktape-1.8.0/src-separate/duk_hthread_stacks.c
src/third_party/duktape-1.8.0/src-separate/duk_initjs_min.js
src/third_party/duktape-1.8.0/src-separate/duk_internal.h
src/third_party/duktape-1.8.0/src-separate/duk_jmpbuf.h
src/third_party/duktape-1.8.0/src-separate/duk_js.h
src/third_party/duktape-1.8.0/src-separate/duk_js_bytecode.h
src/third_party/duktape-1.8.0/src-separate/duk_js_call.c
src/third_party/duktape-1.8.0/src-separate/duk_js_compiler.c
src/third_party/duktape-1.8.0/src-separate/duk_js_compiler.h
src/third_party/duktape-1.8.0/src-separate/duk_js_executor.c
src/third_party/duktape-1.8.0/src-separate/duk_js_ops.c
src/third_party/duktape-1.8.0/src-separate/duk_js_var.c
src/third_party/duktape-1.8.0/src-separate/duk_json.h
src/third_party/duktape-1.8.0/src-separate/duk_lexer.c
src/third_party/duktape-1.8.0/src-separate/duk_lexer.h
src/third_party/duktape-1.8.0/src-separate/duk_numconv.c
src/third_party/duktape-1.8.0/src-separate/duk_numconv.h
src/third_party/duktape-1.8.0/src-separate/duk_regexp.h
src/third_party/duktape-1.8.0/src-separate/duk_regexp_compiler.c
src/third_party/duktape-1.8.0/src-separate/duk_regexp_executor.c
src/third_party/duktape-1.8.0/src-separate/duk_replacements.c
src/third_party/duktape-1.8.0/src-separate/duk_replacements.h
src/third_party/duktape-1.8.0/src-separate/duk_selftest.c
src/third_party/duktape-1.8.0/src-separate/duk_selftest.h
src/third_party/duktape-1.8.0/src-separate/duk_strings.c
src/third_party/duktape-1.8.0/src-separate/duk_strings.h
src/third_party/duktape-1.8.0/src-separate/duk_tval.c
src/third_party/duktape-1.8.0/src-separate/duk_tval.h
src/third_party/duktape-1.8.0/src-separate/duk_unicode.h
src/third_party/duktape-1.8.0/src-separate/duk_unicode_support.c
src/third_party/duktape-1.8.0/src-separate/duk_unicode_tables.c
src/third_party/duktape-1.8.0/src-separate/duk_util.h
src/third_party/duktape-1.8.0/src-separate/duk_util_bitdecoder.c
src/third_party/duktape-1.8.0/src-separate/duk_util_bitencoder.c
src/third_party/duktape-1.8.0/src-separate/duk_util_bufwriter.c
src/third_party/duktape-1.8.0/src-separate/duk_util_hashbytes.c
src/third_party/duktape-1.8.0/src-separate/duk_util_hashprime.c
src/third_party/duktape-1.8.0/src-separate/duk_util_misc.c
src/third_party/duktape-1.8.0/src-separate/duk_util_tinyrandom.c
src/third_party/duktape-1.8.0/src-separate/duktape.h
src/third_party/duktape-1.8.0/src/duk_config.h
src/third_party/duktape-1.8.0/src/duktape.c
src/third_party/duktape-1.8.0/src/duktape.h
src/third_party/duktape-1.8.0/src/metadata.json
src/third_party/lfs.c
src/third_party/lfs.h
src/third_party/lsqlite3.c
src/third_party/lua-5.1.5/COPYRIGHT
src/third_party/lua-5.1.5/HISTORY
src/third_party/lua-5.1.5/INSTALL
src/third_party/lua-5.1.5/Makefile
src/third_party/lua-5.1.5/README
src/third_party/lua-5.1.5/doc/contents.html
src/third_party/lua-5.1.5/doc/cover.png
src/third_party/lua-5.1.5/doc/logo.gif
src/third_party/lua-5.1.5/doc/lua.1
src/third_party/lua-5.1.5/doc/lua.css
src/third_party/lua-5.1.5/doc/lua.html
src/third_party/lua-5.1.5/doc/luac.1
src/third_party/lua-5.1.5/doc/luac.html
src/third_party/lua-5.1.5/doc/manual.css
src/third_party/lua-5.1.5/doc/manual.html
src/third_party/lua-5.1.5/doc/readme.html
src/third_party/lua-5.1.5/etc/Makefile
src/third_party/lua-5.1.5/etc/README
src/third_party/lua-5.1.5/etc/all.c
src/third_party/lua-5.1.5/etc/lua.hpp
src/third_party/lua-5.1.5/etc/lua.ico
src/third_party/lua-5.1.5/etc/lua.pc
src/third_party/lua-5.1.5/etc/luavs.bat
src/third_party/lua-5.1.5/etc/min.c
src/third_party/lua-5.1.5/etc/noparser.c
src/third_party/lua-5.1.5/etc/strict.lua
src/third_party/lua-5.1.5/src/Makefile
src/third_party/lua-5.1.5/src/lapi.c
src/third_party/lua-5.1.5/src/lapi.h
src/third_party/lua-5.1.5/src/lauxlib.c
src/third_party/lua-5.1.5/src/lauxlib.h
src/third_party/lua-5.1.5/src/lbaselib.c
src/third_party/lua-5.1.5/src/lcode.c
src/third_party/lua-5.1.5/src/lcode.h
src/third_party/lua-5.1.5/src/ldblib.c
src/third_party/lua-5.1.5/src/ldebug.c
src/third_party/lua-5.1.5/src/ldebug.h
src/third_party/lua-5.1.5/src/ldo.c
src/third_party/lua-5.1.5/src/ldo.h
src/third_party/lua-5.1.5/src/ldump.c
src/third_party/lua-5.1.5/src/lfunc.c
src/third_party/lua-5.1.5/src/lfunc.h
src/third_party/lua-5.1.5/src/lgc.c
src/third_party/lua-5.1.5/src/lgc.h
src/third_party/lua-5.1.5/src/linit.c
src/third_party/lua-5.1.5/src/liolib.c
src/third_party/lua-5.1.5/src/llex.c
src/third_party/lua-5.1.5/src/llex.h
src/third_party/lua-5.1.5/src/llimits.h
src/third_party/lua-5.1.5/src/lmathlib.c
src/third_party/lua-5.1.5/src/lmem.c
src/third_party/lua-5.1.5/src/lmem.h
src/third_party/lua-5.1.5/src/loadlib.c
src/third_party/lua-5.1.5/src/lobject.c
src/third_party/lua-5.1.5/src/lobject.h
src/third_party/lua-5.1.5/src/lopcodes.c
src/third_party/lua-5.1.5/src/lopcodes.h
src/third_party/lua-5.1.5/src/loslib.c
src/third_party/lua-5.1.5/src/lparser.c
src/third_party/lua-5.1.5/src/lparser.h
src/third_party/lua-5.1.5/src/lstate.c
src/third_party/lua-5.1.5/src/lstate.h
src/third_party/lua-5.1.5/src/lstring.c
src/third_party/lua-5.1.5/src/lstring.h
src/third_party/lua-5.1.5/src/lstrlib.c
src/third_party/lua-5.1.5/src/ltable.c
src/third_party/lua-5.1.5/src/ltable.h
src/third_party/lua-5.1.5/src/ltablib.c
src/third_party/lua-5.1.5/src/ltm.c
src/third_party/lua-5.1.5/src/ltm.h
src/third_party/lua-5.1.5/src/lua.c
src/third_party/lua-5.1.5/src/lua.h
src/third_party/lua-5.1.5/src/luac.c
src/third_party/lua-5.1.5/src/luaconf.h
src/third_party/lua-5.1.5/src/lualib.h
src/third_party/lua-5.1.5/src/lundump.c
src/third_party/lua-5.1.5/src/lundump.h
src/third_party/lua-5.1.5/src/lvm.c
src/third_party/lua-5.1.5/src/lvm.h
src/third_party/lua-5.1.5/src/lzio.c
src/third_party/lua-5.1.5/src/lzio.h
src/third_party/lua-5.1.5/src/print.c
src/third_party/lua-5.1.5/test/README
src/third_party/lua-5.1.5/test/bisect.lua
src/third_party/lua-5.1.5/test/cf.lua
src/third_party/lua-5.1.5/test/echo.lua
src/third_party/lua-5.1.5/test/env.lua
src/third_party/lua-5.1.5/test/factorial.lua
src/third_party/lua-5.1.5/test/fib.lua
src/third_party/lua-5.1.5/test/fibfor.lua
src/third_party/lua-5.1.5/test/globals.lua
src/third_party/lua-5.1.5/test/hello.lua
src/third_party/lua-5.1.5/test/life.lua
src/third_party/lua-5.1.5/test/luac.lua
src/third_party/lua-5.1.5/test/printf.lua
src/third_party/lua-5.1.5/test/readonly.lua
src/third_party/lua-5.1.5/test/sieve.lua
src/third_party/lua-5.1.5/test/sort.lua
src/third_party/lua-5.1.5/test/table.lua
src/third_party/lua-5.1.5/test/trace-calls.lua
src/third_party/lua-5.1.5/test/trace-globals.lua
src/third_party/lua-5.1.5/test/xd.lua
src/third_party/lua-5.2.4/Makefile
src/third_party/lua-5.2.4/README
src/third_party/lua-5.2.4/doc/contents.html
src/third_party/lua-5.2.4/doc/logo.gif
src/third_party/lua-5.2.4/doc/lua.1
src/third_party/lua-5.2.4/doc/lua.css
src/third_party/lua-5.2.4/doc/luac.1
src/third_party/lua-5.2.4/doc/manual.css
src/third_party/lua-5.2.4/doc/manual.html
src/third_party/lua-5.2.4/doc/osi-certified-72x60.png
src/third_party/lua-5.2.4/doc/readme.html
src/third_party/lua-5.2.4/src/Makefile
src/third_party/lua-5.2.4/src/lapi.c
src/third_party/lua-5.2.4/src/lapi.h
src/third_party/lua-5.2.4/src/lauxlib.c
src/third_party/lua-5.2.4/src/lauxlib.h
src/third_party/lua-5.2.4/src/lbaselib.c
src/third_party/lua-5.2.4/src/lbitlib.c
src/third_party/lua-5.2.4/src/lcode.c
src/third_party/lua-5.2.4/src/lcode.h
src/third_party/lua-5.2.4/src/lcorolib.c
src/third_party/lua-5.2.4/src/lctype.c
src/third_party/lua-5.2.4/src/lctype.h
src/third_party/lua-5.2.4/src/ldblib.c
src/third_party/lua-5.2.4/src/ldebug.c
src/third_party/lua-5.2.4/src/ldebug.h
src/third_party/lua-5.2.4/src/ldo.c
src/third_party/lua-5.2.4/src/ldo.h
src/third_party/lua-5.2.4/src/ldump.c
src/third_party/lua-5.2.4/src/lfunc.c
src/third_party/lua-5.2.4/src/lfunc.h
src/third_party/lua-5.2.4/src/lgc.c
src/third_party/lua-5.2.4/src/lgc.h
src/third_party/lua-5.2.4/src/linit.c
src/third_party/lua-5.2.4/src/liolib.c
src/third_party/lua-5.2.4/src/llex.c
src/third_party/lua-5.2.4/src/llex.h
src/third_party/lua-5.2.4/src/llimits.h
src/third_party/lua-5.2.4/src/lmathlib.c
src/third_party/lua-5.2.4/src/lmem.c
src/third_party/lua-5.2.4/src/lmem.h
src/third_party/lua-5.2.4/src/loadlib.c
src/third_party/lua-5.2.4/src/lobject.c
src/third_party/lua-5.2.4/src/lobject.h
src/third_party/lua-5.2.4/src/lopcodes.c
src/third_party/lua-5.2.4/src/lopcodes.h
src/third_party/lua-5.2.4/src/loslib.c
src/third_party/lua-5.2.4/src/lparser.c
src/third_party/lua-5.2.4/src/lparser.h
src/third_party/lua-5.2.4/src/lstate.c
src/third_party/lua-5.2.4/src/lstate.h
src/third_party/lua-5.2.4/src/lstring.c
src/third_party/lua-5.2.4/src/lstring.h
src/third_party/lua-5.2.4/src/lstrlib.c
src/third_party/lua-5.2.4/src/ltable.c
src/third_party/lua-5.2.4/src/ltable.h
src/third_party/lua-5.2.4/src/ltablib.c
src/third_party/lua-5.2.4/src/ltm.c
src/third_party/lua-5.2.4/src/ltm.h
src/third_party/lua-5.2.4/src/lua.c
src/third_party/lua-5.2.4/src/lua.h
src/third_party/lua-5.2.4/src/lua.hpp
src/third_party/lua-5.2.4/src/luac.c
src/third_party/lua-5.2.4/src/luaconf.h
src/third_party/lua-5.2.4/src/lualib.h
src/third_party/lua-5.2.4/src/lundump.c
src/third_party/lua-5.2.4/src/lundump.h
src/third_party/lua-5.2.4/src/lvm.c
src/third_party/lua-5.2.4/src/lvm.h
src/third_party/lua-5.2.4/src/lzio.c
src/third_party/lua-5.2.4/src/lzio.h
src/third_party/lua-5.3.6/Makefile
src/third_party/lua-5.3.6/README
src/third_party/lua-5.3.6/doc/contents.html
src/third_party/lua-5.3.6/doc/index.css
src/third_party/lua-5.3.6/doc/logo.gif
src/third_party/lua-5.3.6/doc/lua.1
src/third_party/lua-5.3.6/doc/lua.css
src/third_party/lua-5.3.6/doc/luac.1
src/third_party/lua-5.3.6/doc/manual.css
src/third_party/lua-5.3.6/doc/manual.html
src/third_party/lua-5.3.6/doc/osi-certified-72x60.png
src/third_party/lua-5.3.6/doc/readme.html
src/third_party/lua-5.3.6/src/Makefile
src/third_party/lua-5.3.6/src/lapi.c
src/third_party/lua-5.3.6/src/lapi.h
src/third_party/lua-5.3.6/src/lauxlib.c
src/third_party/lua-5.3.6/src/lauxlib.h
src/third_party/lua-5.3.6/src/lbaselib.c
src/third_party/lua-5.3.6/src/lbitlib.c
src/third_party/lua-5.3.6/src/lcode.c
src/third_party/lua-5.3.6/src/lcode.h
src/third_party/lua-5.3.6/src/lcorolib.c
src/third_party/lua-5.3.6/src/lctype.c
src/third_party/lua-5.3.6/src/lctype.h
src/third_party/lua-5.3.6/src/ldblib.c
src/third_party/lua-5.3.6/src/ldebug.c
src/third_party/lua-5.3.6/src/ldebug.h
src/third_party/lua-5.3.6/src/ldo.c
src/third_party/lua-5.3.6/src/ldo.h
src/third_party/lua-5.3.6/src/ldump.c
src/third_party/lua-5.3.6/src/lfunc.c
src/third_party/lua-5.3.6/src/lfunc.h
src/third_party/lua-5.3.6/src/lgc.c
src/third_party/lua-5.3.6/src/lgc.h
src/third_party/lua-5.3.6/src/linit.c
src/third_party/lua-5.3.6/src/liolib.c
src/third_party/lua-5.3.6/src/llex.c
src/third_party/lua-5.3.6/src/llex.h
src/third_party/lua-5.3.6/src/llimits.h
src/third_party/lua-5.3.6/src/lmathlib.c
src/third_party/lua-5.3.6/src/lmem.c
src/third_party/lua-5.3.6/src/lmem.h
src/third_party/lua-5.3.6/src/loadlib.c
src/third_party/lua-5.3.6/src/lobject.c
src/third_party/lua-5.3.6/src/lobject.h
src/third_party/lua-5.3.6/src/lopcodes.c
src/third_party/lua-5.3.6/src/lopcodes.h
src/third_party/lua-5.3.6/src/loslib.c
src/third_party/lua-5.3.6/src/lparser.c
src/third_party/lua-5.3.6/src/lparser.h
src/third_party/lua-5.3.6/src/lprefix.h
src/third_party/lua-5.3.6/src/lstate.c
src/third_party/lua-5.3.6/src/lstate.h
src/third_party/lua-5.3.6/src/lstring.c
src/third_party/lua-5.3.6/src/lstring.h
src/third_party/lua-5.3.6/src/lstrlib.c
src/third_party/lua-5.3.6/src/ltable.c
src/third_party/lua-5.3.6/src/ltable.h
src/third_party/lua-5.3.6/src/ltablib.c
src/third_party/lua-5.3.6/src/ltm.c
src/third_party/lua-5.3.6/src/ltm.h
src/third_party/lua-5.3.6/src/lua.c
src/third_party/lua-5.3.6/src/lua.h
src/third_party/lua-5.3.6/src/lua.hpp
src/third_party/lua-5.3.6/src/luac.c
src/third_party/lua-5.3.6/src/luaconf.h
src/third_party/lua-5.3.6/src/lualib.h
src/third_party/lua-5.3.6/src/lundump.c
src/third_party/lua-5.3.6/src/lundump.h
src/third_party/lua-5.3.6/src/lutf8lib.c
src/third_party/lua-5.3.6/src/lvm.c
src/third_party/lua-5.3.6/src/lvm.h
src/third_party/lua-5.3.6/src/lzio.c
src/third_party/lua-5.3.6/src/lzio.h
src/third_party/lua-5.4.3/Makefile
src/third_party/lua-5.4.3/README
src/third_party/lua-5.4.3/doc/contents.html
src/third_party/lua-5.4.3/doc/index.css
src/third_party/lua-5.4.3/doc/logo.gif
src/third_party/lua-5.4.3/doc/lua.1
src/third_party/lua-5.4.3/doc/lua.css
src/third_party/lua-5.4.3/doc/luac.1
src/third_party/lua-5.4.3/doc/manual.css
src/third_party/lua-5.4.3/doc/manual.html
src/third_party/lua-5.4.3/doc/osi-certified-72x60.png
src/third_party/lua-5.4.3/doc/readme.html
src/third_party/lua-5.4.3/src/Makefile
src/third_party/lua-5.4.3/src/lapi.c
src/third_party/lua-5.4.3/src/lapi.h
src/third_party/lua-5.4.3/src/lauxlib.c
src/third_party/lua-5.4.3/src/lauxlib.h
src/third_party/lua-5.4.3/src/lbaselib.c
src/third_party/lua-5.4.3/src/lcode.c
src/third_party/lua-5.4.3/src/lcode.h
src/third_party/lua-5.4.3/src/lcorolib.c
src/third_party/lua-5.4.3/src/lctype.c
src/third_party/lua-5.4.3/src/lctype.h
src/third_party/lua-5.4.3/src/ldblib.c
src/third_party/lua-5.4.3/src/ldebug.c
src/third_party/lua-5.4.3/src/ldebug.h
src/third_party/lua-5.4.3/src/ldo.c
src/third_party/lua-5.4.3/src/ldo.h
src/third_party/lua-5.4.3/src/ldump.c
src/third_party/lua-5.4.3/src/lfunc.c
src/third_party/lua-5.4.3/src/lfunc.h
src/third_party/lua-5.4.3/src/lgc.c
src/third_party/lua-5.4.3/src/lgc.h
src/third_party/lua-5.4.3/src/linit.c
src/third_party/lua-5.4.3/src/liolib.c
src/third_party/lua-5.4.3/src/ljumptab.h
src/third_party/lua-5.4.3/src/llex.c
src/third_party/lua-5.4.3/src/llex.h
src/third_party/lua-5.4.3/src/llimits.h
src/third_party/lua-5.4.3/src/lmathlib.c
src/third_party/lua-5.4.3/src/lmem.c
src/third_party/lua-5.4.3/src/lmem.h
src/third_party/lua-5.4.3/src/loadlib.c
src/third_party/lua-5.4.3/src/lobject.c
src/third_party/lua-5.4.3/src/lobject.h
src/third_party/lua-5.4.3/src/lopcodes.c
src/third_party/lua-5.4.3/src/lopcodes.h
src/third_party/lua-5.4.3/src/lopnames.h
src/third_party/lua-5.4.3/src/loslib.c
src/third_party/lua-5.4.3/src/lparser.c
src/third_party/lua-5.4.3/src/lparser.h
src/third_party/lua-5.4.3/src/lprefix.h
src/third_party/lua-5.4.3/src/lstate.c
src/third_party/lua-5.4.3/src/lstate.h
src/third_party/lua-5.4.3/src/lstring.c
src/third_party/lua-5.4.3/src/lstring.h
src/third_party/lua-5.4.3/src/lstrlib.c
src/third_party/lua-5.4.3/src/ltable.c
src/third_party/lua-5.4.3/src/ltable.h
src/third_party/lua-5.4.3/src/ltablib.c
src/third_party/lua-5.4.3/src/ltm.c
src/third_party/lua-5.4.3/src/ltm.h
src/third_party/lua-5.4.3/src/lua.c
src/third_party/lua-5.4.3/src/lua.h
src/third_party/lua-5.4.3/src/lua.hpp
src/third_party/lua-5.4.3/src/luac.c
src/third_party/lua-5.4.3/src/luaconf.h
src/third_party/lua-5.4.3/src/lualib.h
src/third_party/lua-5.4.3/src/lundump.c
src/third_party/lua-5.4.3/src/lundump.h
src/third_party/lua-5.4.3/src/lutf8lib.c
src/third_party/lua-5.4.3/src/lvm.c
src/third_party/lua-5.4.3/src/lvm.h
src/third_party/lua-5.4.3/src/lzio.c
src/third_party/lua-5.4.3/src/lzio.h
src/third_party/sqlite3.c
src/third_party/sqlite3.h
src/timer.inl
src/wolfssl_extras.inl
test/.leading.dot.txt
test/1000images.lua
test/100images.htm
test/HugeText.lua
test/Image_2kB.png
test/Image_2kB.png.gz
test/MakefileTest.mk
test/MethodTest.xhtml
test/README.md
test/ajax/echo.cgi
test/ajax/echo.cgi.old
test/ajax/echo.lp
test/ajax/echo.lua
test/ajax/jquery.js
test/ajax/test.html
test/bad.cgi
test/bad_page.lp
test/bad_script.lua
test/canvasdir/canvas.js
test/canvasdir/index.xhtml
test/canvasdir/style.css
test/cgi_test.html
test/cgidir/test-crlf.cgi
test/cgidir/test-lf.cgi
test/cors.html
test/cors.reply.html
test/cors.reply.lua
test/cors.reply.shtml
test/delayed.cgi
test/dir with spaces/file with spaces.txt
test/dir with spaces/hello.cgi
test/dir with spaces/r&d.txt
test/donate.html
test/echo.lua
test/error.lua
test/error404.htm
test/exit.lua
test/filehandler.lua
test/form.html
test/handle_form.lua
test/hello.cgi
test/hello.shtml
test/hello.txt
test/hello_gz.txt.gz
test/hello_gz_unzipped.txt
test/html_esc.lua
test/htmldir/index.html
test/htmldir/script.js
test/htmldir/style.css
test/imagetest/00.png
test/imagetest/01.png
test/imagetest/02.png
test/imagetest/03.png
test/imagetest/04.png
test/imagetest/05.png
test/imagetest/06.png
test/imagetest/07.png
test/imagetest/08.png
test/imagetest/09.png
test/imagetest/10.png
test/imagetest/11.png
test/imagetest/12.png
test/imagetest/13.png
test/imagetest/14.png
test/imagetest/15.png
test/imagetest/16.png
test/imagetest/17.png
test/imagetest/18.png
test/imagetest/19.png
test/imagetest/20.png
test/imagetest/21.png
test/imagetest/22.png
test/imagetest/23.png
test/imagetest/24.png
test/imagetest/25.png
test/imagetest/26.png
test/imagetest/27.png
test/imagetest/28.png
test/imagetest/29.png
test/imagetest/30.png
test/imagetest/31.png
test/imagetest/32.png
test/imagetest/33.png
test/imagetest/34.png
test/imagetest/35.png
test/imagetest/36.png
test/imagetest/37.png
test/imagetest/38.png
test/imagetest/39.png
test/imagetest/40.png
test/imagetest/41.png
test/imagetest/42.png
test/imagetest/43.png
test/imagetest/44.png
test/imagetest/45.png
test/imagetest/46.png
test/imagetest/47.png
test/imagetest/48.png
test/imagetest/49.png
test/imagetest/50.png
test/imagetest/51.png
test/imagetest/52.png
test/imagetest/53.png
test/imagetest/54.png
test/imagetest/55.png
test/imagetest/56.png
test/imagetest/57.png
test/imagetest/58.png
test/imagetest/59.png
test/imagetest/60.png
test/imagetest/61.png
test/imagetest/62.png
test/imagetest/63.png
test/imagetest/64.png
test/imagetest/65.png
test/imagetest/66.png
test/imagetest/67.png
test/imagetest/68.png
test/imagetest/69.png
test/imagetest/70.png
test/imagetest/71.png
test/imagetest/72.png
test/imagetest/73.png
test/imagetest/74.png
test/imagetest/75.png
test/imagetest/76.png
test/imagetest/77.png
test/imagetest/78.png
test/imagetest/79.png
test/imagetest/80.png
test/imagetest/81.png
test/imagetest/82.png
test/imagetest/83.png
test/imagetest/84.png
test/imagetest/85.png
test/imagetest/86.png
test/imagetest/87.png
test/imagetest/88.png
test/imagetest/89.png
test/imagetest/90.png
test/imagetest/91.png
test/imagetest/92.png
test/imagetest/93.png
test/imagetest/94.png
test/imagetest/95.png
test/imagetest/96.png
test/imagetest/97.png
test/imagetest/98.png
test/imagetest/99.png
test/json.lua
test/linux.cgi
test/linux_fail.cgi
test/linux_fail_silent.cgi
test/linux_shell_cgi/index.cgi
test/linux_stderr.cgi
test/lua_backbround_script_logging.lua
test/lua_backbround_script_timer.lua
test/lua_preload_file.lua
test/luarest/api/1/sensors/index.lua
test/nonlatin/这是一个示例文本.html
test/nonlatin/𞤀𞤣𞤤𞤢𞤥 𞤆𞤵𞤤𞤢𞤪.txt
test/page.lp
test/page.lua
test/page.ssjs
test/page1.lua
test/page2.lp
test/page2.lua
test/page2.ssjs
test/page3.lp
test/page3.lua
test/page3.ssjs
test/page3a.lp
test/page3a.lua
test/page3r.lp
test/page3v.lp
test/page4.lp
test/page4.lua
test/page4kepler.lp
test/page5.lua
test/page6.lua
test/page7.lua
test/page_error.lua
test/page_keep_alive.lua
test/page_keep_alive_chunked.lua
test/page_shared.lua
test/page_status.lua
test/passfile
test/preload.lua
test/prime.ssjs
test/protected/.htpasswd
test/protected/content.txt
test/pytest.linux.cgi
test/python_cgi/pytest.linux.cgi
test/require_test.lua
test/resource_script_demo.lua
test/response_header.lua
test/scriptdir/index.lua
test/ssi_test.shtml
test/svgdir/index.xhtml
test/syntax_error.ssjs
test/test.ico
test/timeout.cgi
test/websocket.lua
test/websocket.xhtml
test/websocket2.lua
test/websocket2.xhtml
test/websocket_wrong_url.xhtml
test/windows.cgi
test/windows.cgi.cmd
test/windows_fail.cgi
test/windows_fail.cgi.cmd
test/windows_fail_silent.cgi
test/windows_fail_silent.cgi.cmd
test/ws_status.lua
test/x.php
unittest/CMakeLists.txt
unittest/build_and_test_default.sh
unittest/build_and_test_full.sh
unittest/build_and_test_minimal.sh
unittest/cgi_test.c
unittest/civetweb_check.h
unittest/main.c
unittest/private.c
unittest/private.h
unittest/private_exe.c
unittest/private_exe.h
unittest/public_func.c
unittest/public_func.h
unittest/public_server.c
unittest/public_server.h
unittest/shared.c
unittest/shared.h
unittest/testclient.c
unittest/timertest.c
unittest/timertest.h
zephyr/module.yml
