.appveyor.yml
.clang-format
.clang-tidy
.cmake-format.yaml
.codespell-ignore-lines
.gitattributes
.github/CODEOWNERS
.github/CONTRIBUTING.md
.github/ISSUE_TEMPLATE/bug-report.yml
.github/ISSUE_TEMPLATE/config.yml
.github/dependabot.yml
.github/labeler.yml
.github/labeler_merged.yml
.github/matchers/pylint.json
.github/pull_request_template.md
.github/workflows/ci.yml
.github/workflows/configure.yml
.github/workflows/format.yml
.github/workflows/labeler.yml
.github/workflows/pip.yml
.github/workflows/upstream.yml
.gitignore
.pre-commit-config.yaml
.readthedocs.yml
CMakeLists.txt
LICENSE
MANIFEST.in
README.rst
docs/Doxyfile
docs/Makefile
docs/_static/css/custom.css
docs/advanced/cast/chrono.rst
docs/advanced/cast/custom.rst
docs/advanced/cast/eigen.rst
docs/advanced/cast/functional.rst
docs/advanced/cast/index.rst
docs/advanced/cast/overview.rst
docs/advanced/cast/stl.rst
docs/advanced/cast/strings.rst
docs/advanced/classes.rst
docs/advanced/embedding.rst
docs/advanced/exceptions.rst
docs/advanced/functions.rst
docs/advanced/misc.rst
docs/advanced/pycpp/index.rst
docs/advanced/pycpp/numpy.rst
docs/advanced/pycpp/object.rst
docs/advanced/pycpp/utilities.rst
docs/advanced/smart_ptrs.rst
docs/basics.rst
docs/benchmark.py
docs/benchmark.rst
docs/changelog.rst
docs/classes.rst
docs/cmake/index.rst
docs/compiling.rst
docs/conf.py
docs/faq.rst
docs/index.rst
docs/installing.rst
docs/limitations.rst
docs/pybind11-logo.png
docs/pybind11_vs_boost_python1.png
docs/pybind11_vs_boost_python1.svg
docs/pybind11_vs_boost_python2.png
docs/pybind11_vs_boost_python2.svg
docs/reference.rst
docs/release.rst
docs/requirements.txt
docs/upgrade.rst
include/pybind11/attr.h
include/pybind11/buffer_info.h
include/pybind11/cast.h
include/pybind11/chrono.h
include/pybind11/common.h
include/pybind11/complex.h
include/pybind11/detail/class.h
include/pybind11/detail/common.h
include/pybind11/detail/descr.h
include/pybind11/detail/init.h
include/pybind11/detail/internals.h
include/pybind11/detail/type_caster_base.h
include/pybind11/detail/typeid.h
include/pybind11/eigen.h
include/pybind11/eigen/matrix.h
include/pybind11/eigen/tensor.h
include/pybind11/embed.h
include/pybind11/eval.h
include/pybind11/functional.h
include/pybind11/gil.h
include/pybind11/iostream.h
include/pybind11/numpy.h
include/pybind11/operators.h
include/pybind11/options.h
include/pybind11/pybind11.h
include/pybind11/pytypes.h
include/pybind11/stl.h
include/pybind11/stl/filesystem.h
include/pybind11/stl_bind.h
noxfile.py
pybind11/__init__.py
pybind11/__main__.py
pybind11/_version.py
pybind11/commands.py
pybind11/py.typed
pybind11/setup_helpers.py
pyproject.toml
setup.cfg
setup.py
tests/CMakeLists.txt
tests/conftest.py
tests/constructor_stats.h
tests/cross_module_gil_utils.cpp
tests/cross_module_interleaved_error_already_set.cpp
tests/eigen_tensor_avoid_stl_array.cpp
tests/env.py
tests/extra_python_package/pytest.ini
tests/extra_python_package/test_files.py
tests/extra_setuptools/pytest.ini
tests/extra_setuptools/test_setuphelper.py
tests/local_bindings.h
tests/object.h
tests/pybind11_cross_module_tests.cpp
tests/pybind11_tests.cpp
tests/pybind11_tests.h
tests/pytest.ini
tests/requirements.txt
tests/test_async.cpp
tests/test_async.py
tests/test_buffers.cpp
tests/test_buffers.py
tests/test_builtin_casters.cpp
tests/test_builtin_casters.py
tests/test_call_policies.cpp
tests/test_call_policies.py
tests/test_callbacks.cpp
tests/test_callbacks.py
tests/test_chrono.cpp
tests/test_chrono.py
tests/test_class.cpp
tests/test_class.py
tests/test_cmake_build/CMakeLists.txt
tests/test_cmake_build/embed.cpp
tests/test_cmake_build/installed_embed/CMakeLists.txt
tests/test_cmake_build/installed_function/CMakeLists.txt
tests/test_cmake_build/installed_target/CMakeLists.txt
tests/test_cmake_build/main.cpp
tests/test_cmake_build/subdirectory_embed/CMakeLists.txt
tests/test_cmake_build/subdirectory_function/CMakeLists.txt
tests/test_cmake_build/subdirectory_target/CMakeLists.txt
tests/test_cmake_build/test.py
tests/test_const_name.cpp
tests/test_const_name.py
tests/test_constants_and_functions.cpp
tests/test_constants_and_functions.py
tests/test_copy_move.cpp
tests/test_copy_move.py
tests/test_custom_type_casters.cpp
tests/test_custom_type_casters.py
tests/test_custom_type_setup.cpp
tests/test_custom_type_setup.py
tests/test_docstring_options.cpp
tests/test_docstring_options.py
tests/test_eigen_matrix.cpp
tests/test_eigen_matrix.py
tests/test_eigen_tensor.cpp
tests/test_eigen_tensor.inl
tests/test_eigen_tensor.py
tests/test_embed/CMakeLists.txt
tests/test_embed/catch.cpp
tests/test_embed/external_module.cpp
tests/test_embed/test_interpreter.cpp
tests/test_embed/test_interpreter.py
tests/test_embed/test_trampoline.py
tests/test_enum.cpp
tests/test_enum.py
tests/test_eval.cpp
tests/test_eval.py
tests/test_eval_call.py
tests/test_exceptions.cpp
tests/test_exceptions.h
tests/test_exceptions.py
tests/test_factory_constructors.cpp
tests/test_factory_constructors.py
tests/test_gil_scoped.cpp
tests/test_gil_scoped.py
tests/test_iostream.cpp
tests/test_iostream.py
tests/test_kwargs_and_defaults.cpp
tests/test_kwargs_and_defaults.py
tests/test_local_bindings.cpp
tests/test_local_bindings.py
tests/test_methods_and_attributes.cpp
tests/test_methods_and_attributes.py
tests/test_modules.cpp
tests/test_modules.py
tests/test_multiple_inheritance.cpp
tests/test_multiple_inheritance.py
tests/test_numpy_array.cpp
tests/test_numpy_array.py
tests/test_numpy_dtypes.cpp
tests/test_numpy_dtypes.py
tests/test_numpy_vectorize.cpp
tests/test_numpy_vectorize.py
tests/test_opaque_types.cpp
tests/test_opaque_types.py
tests/test_operator_overloading.cpp
tests/test_operator_overloading.py
tests/test_pickling.cpp
tests/test_pickling.py
tests/test_pytypes.cpp
tests/test_pytypes.py
tests/test_sequences_and_iterators.cpp
tests/test_sequences_and_iterators.py
tests/test_smart_ptr.cpp
tests/test_smart_ptr.py
tests/test_stl.cpp
tests/test_stl.py
tests/test_stl_binders.cpp
tests/test_stl_binders.py
tests/test_tagbased_polymorphic.cpp
tests/test_tagbased_polymorphic.py
tests/test_thread.cpp
tests/test_thread.py
tests/test_union.cpp
tests/test_union.py
tests/test_virtual_functions.cpp
tests/test_virtual_functions.py
tests/valgrind-numpy-scipy.supp
tests/valgrind-python.supp
tools/FindCatch.cmake
tools/FindEigen3.cmake
tools/FindPythonLibsNew.cmake
tools/JoinPaths.cmake
tools/check-style.sh
tools/cmake_uninstall.cmake.in
tools/codespell_ignore_lines_from_errors.py
tools/libsize.py
tools/make_changelog.py
tools/pybind11.pc.in
tools/pybind11Common.cmake
tools/pybind11Config.cmake.in
tools/pybind11NewTools.cmake
tools/pybind11Tools.cmake
tools/pyproject.toml
tools/setup_global.py.in
tools/setup_main.py.in
