.clang-format
.github/FUNDING.yml
.github/workflows/ci.yml
.github/workflows/documentation.yml
.github/workflows/single-include.yml
.github/workflows/vsenv.bat
.gitignore
CMakeLists.txt
LICENSE
README.md
cmake/Coveralls.cmake
cmake/CoverallsClear.cmake
cmake/CoverallsGenerateGcov.cmake
cmake/config/injaBuildConfig.cmake.in
cmake/config/injaConfig.cmake.in
doc/Doxyfile
doc/logo-doxygen.jpg
doc/logo.jpg
doc/logo.svg
doc/support.md
include/inja/config.hpp
include/inja/environment.hpp
include/inja/exceptions.hpp
include/inja/function_storage.hpp
include/inja/inja.hpp
include/inja/lexer.hpp
include/inja/node.hpp
include/inja/parser.hpp
include/inja/renderer.hpp
include/inja/statistics.hpp
include/inja/string_view.hpp
include/inja/template.hpp
include/inja/token.hpp
include/inja/utils.hpp
meson.build
requirements.txt
scripts/amalgamate_config.json
scripts/update_single_include.sh
single_include/inja/inja.hpp
test/benchmark.cpp
test/data/benchmark/large_data.json
test/data/benchmark/large_template.txt
test/data/benchmark/medium_template.txt
test/data/benchmark/small_data.json
test/data/error-unknown/data.json
test/data/error-unknown/template.txt
test/data/html/data.json
test/data/html/footer.txt
test/data/html/header.txt
test/data/html/result.txt
test/data/html/template.txt
test/data/include.txt
test/data/nested-line/data.json
test/data/nested-line/result.txt
test/data/nested-line/template.txt
test/data/nested-whitespace/data.json
test/data/nested-whitespace/result.txt
test/data/nested-whitespace/template.txt
test/data/nested/data.json
test/data/nested/result.txt
test/data/nested/template.txt
test/data/simple-file/data.json
test/data/simple-file/result.txt
test/data/simple-file/template.txt
test/data/simple.txt
test/test-files.cpp
test/test-functions.cpp
test/test-renderer.cpp
test/test-units.cpp
test/test.cpp
third_party/amalgamate/LICENSE.md
third_party/amalgamate/amalgamate.py
third_party/include/doctest/LICENSE.txt
third_party/include/doctest/doctest.h
third_party/include/hayai/LICENSE.md
third_party/include/hayai/hayai.hpp
third_party/include/hayai/hayai_benchmarker.hpp
third_party/include/hayai/hayai_clock.hpp
third_party/include/hayai/hayai_compatibility.hpp
third_party/include/hayai/hayai_console.hpp
third_party/include/hayai/hayai_console_outputter.hpp
third_party/include/hayai/hayai_default_test_factory.hpp
third_party/include/hayai/hayai_fixture.hpp
third_party/include/hayai/hayai_json_outputter.hpp
third_party/include/hayai/hayai_junit_xml_outputter.hpp
third_party/include/hayai/hayai_main.hpp
third_party/include/hayai/hayai_outputter.hpp
third_party/include/hayai/hayai_test.hpp
third_party/include/hayai/hayai_test_descriptor.hpp
third_party/include/hayai/hayai_test_factory.hpp
third_party/include/hayai/hayai_test_result.hpp
third_party/include/nlohmann/LICENSE.MIT
third_party/include/nlohmann/json.hpp
