.gitignore
.travis.yml
CMakeLists.txt
LICENSE.txt
README.md
ci/install_cmake.sh
cmake/dateConfig.cmake
compile_fail.sh
include/date/chrono_io.h
include/date/date.h
include/date/ios.h
include/date/islamic.h
include/date/iso_week.h
include/date/julian.h
include/date/ptz.h
include/date/solar_hijri.h
include/date/tz.h
include/date/tz_private.h
src/ios.mm
src/tz.cpp
test/clock_cast_test/constexpr.pass.cpp
test/clock_cast_test/custom_clock.pass.cpp
test/clock_cast_test/deprecated.pass.cpp
test/clock_cast_test/local_t.pass.cpp
test/clock_cast_test/noncastable.pass.cpp
test/clock_cast_test/normal_clocks.pass.cpp
test/clock_cast_test/to_sys_return_int.fail.cpp
test/clock_cast_test/to_sys_return_reference.fail.cpp
test/clock_cast_test/to_sys_return_utc_time.fail.cpp
test/date_test/day.pass.cpp
test/date_test/daypday.fail.cpp
test/date_test/daysmday.fail.cpp
test/date_test/daysmweekday.fail.cpp
test/date_test/detail/decimal_format_seconds.pass.cpp
test/date_test/detail/static_pow10.pass.cpp
test/date_test/detail/width.pass.cpp
test/date_test/durations.pass.cpp
test/date_test/durations_output.pass.cpp
test/date_test/format/century.pass.cpp
test/date_test/format/misc.pass.cpp
test/date_test/format/range.pass.cpp
test/date_test/format/two_dight_year.pass.cpp
test/date_test/last.pass.cpp
test/date_test/make_time.pass.cpp
test/date_test/month.pass.cpp
test/date_test/month_day.pass.cpp
test/date_test/month_day_last.pass.cpp
test/date_test/month_weekday.pass.cpp
test/date_test/month_weekday_last.pass.cpp
test/date_test/month_weekday_last_less.fail.cpp
test/date_test/month_weekday_less.fail.cpp
test/date_test/monthpmonth.fail.cpp
test/date_test/months_m_year_month.fail.cpp
test/date_test/months_m_year_month_day.fail.cpp
test/date_test/monthsmmonth.fail.cpp
test/date_test/multi_year_duration_addition.pass.cpp
test/date_test/op_div_day_day.fail.cpp
test/date_test/op_div_int_month.fail.cpp
test/date_test/op_div_int_year.fail.cpp
test/date_test/op_div_last_last.fail.cpp
test/date_test/op_div_month_day.pass.cpp
test/date_test/op_div_month_day_last.pass.cpp
test/date_test/op_div_month_day_month_day.fail.cpp
test/date_test/op_div_month_month.fail.cpp
test/date_test/op_div_month_weekday.pass.cpp
test/date_test/op_div_month_weekday_last.pass.cpp
test/date_test/op_div_month_year.fail.cpp
test/date_test/op_div_survey.pass.cpp
test/date_test/op_div_weekday_indexed_weekday_indexed.fail.cpp
test/date_test/op_div_weekday_last_weekday_last.fail.cpp
test/date_test/op_div_year_month.pass.cpp
test/date_test/op_div_year_month_day.pass.cpp
test/date_test/op_div_year_month_day_last.pass.cpp
test/date_test/op_div_year_month_weekday.pass.cpp
test/date_test/op_div_year_month_weekday_last.pass.cpp
test/date_test/op_div_year_month_year_month.fail.cpp
test/date_test/op_div_year_year.fail.cpp
test/date_test/parse.pass.cpp
test/date_test/sizeof.pass.cpp
test/date_test/time_of_day_hours.pass.cpp
test/date_test/time_of_day_microfortnights.pass.cpp
test/date_test/time_of_day_milliseconds.pass.cpp
test/date_test/time_of_day_minutes.pass.cpp
test/date_test/time_of_day_nanoseconds.pass.cpp
test/date_test/time_of_day_seconds.pass.cpp
test/date_test/weekday.pass.cpp
test/date_test/weekday_indexed.pass.cpp
test/date_test/weekday_last.pass.cpp
test/date_test/weekday_lessthan.fail.cpp
test/date_test/weekday_sum.fail.cpp
test/date_test/year.pass.cpp
test/date_test/year_month.pass.cpp
test/date_test/year_month_day.pass.cpp
test/date_test/year_month_day_last.pass.cpp
test/date_test/year_month_day_m_year_month_day.fail.cpp
test/date_test/year_month_day_p_year_month_day.fail.cpp
test/date_test/year_month_p_year_month.fail.cpp
test/date_test/year_month_weekday.pass.cpp
test/date_test/year_month_weekday_last.pass.cpp
test/date_test/year_p_year.fail.cpp
test/date_test/years_m_year.fail.cpp
test/date_test/years_m_year_month.fail.cpp
test/date_test/years_m_year_month_day.fail.cpp
test/iso_week/last.pass.cpp
test/iso_week/lastweek_weekday.pass.cpp
test/iso_week/op_div_survey.pass.cpp
test/iso_week/weekday.pass.cpp
test/iso_week/weekday_lessthan.fail.cpp
test/iso_week/weekday_sum.fail.cpp
test/iso_week/weeknum.pass.cpp
test/iso_week/weeknum_p_weeknum.fail.cpp
test/iso_week/weeknum_weekday.pass.cpp
test/iso_week/year.pass.cpp
test/iso_week/year_lastweek.pass.cpp
test/iso_week/year_lastweek_weekday.pass.cpp
test/iso_week/year_p_year.fail.cpp
test/iso_week/year_weeknum.pass.cpp
test/iso_week/year_weeknum_weekday.pass.cpp
test/iso_week/years_m_year.fail.cpp
test/just.pass.cpp
test/posix/ptz.pass.cpp
test/solar_hijri_test/parse.pass.cpp
test/solar_hijri_test/year_month_day.pass.cpp
test/testit
test/tz_test/OffsetZone.h
test/tz_test/OffsetZone.pass.cpp
test/tz_test/README.md
test/tz_test/tzdata2015e.txt.zip
test/tz_test/tzdata2015f.txt.zip
test/tz_test/tzdata2016c.txt.zip
test/tz_test/tzdata2016d.txt.zip
test/tz_test/tzdata2016e.txt.zip
test/tz_test/tzdata2016f.txt.zip
test/tz_test/tzdb_list.pass.cpp
test/tz_test/validate.cpp
test/tz_test/zone.pass.cpp
test/tz_test/zoned_time.pass.cpp
test/tz_test/zoned_time_deduction.pass.cpp
test_fail.sh
