.appveyor.yml
.clang-format
.gitignore
.travis.yml
CMakeLists.txt
CREDITS
ChangeLog.md
LICENSE
README.md
_config.yml
cmake/Sqlpp11Config.cmake
connector_api/bind_result.h
connector_api/connection.h
connector_api/interpreter.h
connector_api/prepared_statement.h
coveralls
dependencies/CMakeLists.txt
dependencies/hinnant_date/CMakeLists.txt
examples/usage_fetch_content/CMakeLists.txt
examples/usage_fetch_content/dependencies/CMakeLists.txt
examples/usage_fetch_content/dependencies/sqlpp11/CMakeLists.txt
examples/usage_fetch_content/src/CMakeLists.txt
examples/usage_fetch_content/src/main.cpp
examples/usage_find_package/CMakeLists.txt
examples/usage_find_package/src/CMakeLists.txt
examples/usage_find_package/src/main.cpp
include/sqlpp11/aggregate_function_operators.h
include/sqlpp11/aggregate_functions.h
include/sqlpp11/aggregate_functions/avg.h
include/sqlpp11/aggregate_functions/count.h
include/sqlpp11/aggregate_functions/max.h
include/sqlpp11/aggregate_functions/min.h
include/sqlpp11/aggregate_functions/sum.h
include/sqlpp11/alias.h
include/sqlpp11/alias_operators.h
include/sqlpp11/alias_provider.h
include/sqlpp11/all_of.h
include/sqlpp11/any.h
include/sqlpp11/assignment.h
include/sqlpp11/auto_alias.h
include/sqlpp11/bad_expression.h
include/sqlpp11/basic_expression_operators.h
include/sqlpp11/boolean_expression.h
include/sqlpp11/case.h
include/sqlpp11/char_sequence.h
include/sqlpp11/chrono.h
include/sqlpp11/column.h
include/sqlpp11/column_fwd.h
include/sqlpp11/column_types.h
include/sqlpp11/connection.h
include/sqlpp11/connection_pool.h
include/sqlpp11/consistent.h
include/sqlpp11/cte.h
include/sqlpp11/custom_query.h
include/sqlpp11/data_types.h
include/sqlpp11/data_types/blob.h
include/sqlpp11/data_types/blob/column_operators.h
include/sqlpp11/data_types/blob/data_type.h
include/sqlpp11/data_types/blob/expression_operators.h
include/sqlpp11/data_types/blob/operand.h
include/sqlpp11/data_types/blob/parameter_value.h
include/sqlpp11/data_types/blob/result_field.h
include/sqlpp11/data_types/blob/wrap_operand.h
include/sqlpp11/data_types/boolean.h
include/sqlpp11/data_types/boolean/column_operators.h
include/sqlpp11/data_types/boolean/data_type.h
include/sqlpp11/data_types/boolean/expression_operators.h
include/sqlpp11/data_types/boolean/operand.h
include/sqlpp11/data_types/boolean/parameter_value.h
include/sqlpp11/data_types/boolean/result_field.h
include/sqlpp11/data_types/boolean/wrap_operand.h
include/sqlpp11/data_types/column_operators.h
include/sqlpp11/data_types/day_point.h
include/sqlpp11/data_types/day_point/column_operators.h
include/sqlpp11/data_types/day_point/data_type.h
include/sqlpp11/data_types/day_point/expression_operators.h
include/sqlpp11/data_types/day_point/operand.h
include/sqlpp11/data_types/day_point/parameter_value.h
include/sqlpp11/data_types/day_point/result_field.h
include/sqlpp11/data_types/day_point/wrap_operand.h
include/sqlpp11/data_types/floating_point.h
include/sqlpp11/data_types/floating_point/column_operators.h
include/sqlpp11/data_types/floating_point/data_type.h
include/sqlpp11/data_types/floating_point/expression_operators.h
include/sqlpp11/data_types/floating_point/operand.h
include/sqlpp11/data_types/floating_point/parameter_value.h
include/sqlpp11/data_types/floating_point/result_field.h
include/sqlpp11/data_types/floating_point/wrap_operand.h
include/sqlpp11/data_types/integral.h
include/sqlpp11/data_types/integral/column_operators.h
include/sqlpp11/data_types/integral/data_type.h
include/sqlpp11/data_types/integral/expression_operators.h
include/sqlpp11/data_types/integral/operand.h
include/sqlpp11/data_types/integral/parameter_value.h
include/sqlpp11/data_types/integral/result_field.h
include/sqlpp11/data_types/integral/wrap_operand.h
include/sqlpp11/data_types/no_value.h
include/sqlpp11/data_types/no_value/column_operators.h
include/sqlpp11/data_types/no_value/data_type.h
include/sqlpp11/data_types/no_value/expression_operators.h
include/sqlpp11/data_types/no_value/operand.h
include/sqlpp11/data_types/no_value/parameter_value.h
include/sqlpp11/data_types/no_value/result_field.h
include/sqlpp11/data_types/no_value/wrap_operand.h
include/sqlpp11/data_types/parameter_value.h
include/sqlpp11/data_types/parameter_value_base.h
include/sqlpp11/data_types/text.h
include/sqlpp11/data_types/text/column_operators.h
include/sqlpp11/data_types/text/concat.h
include/sqlpp11/data_types/text/data_type.h
include/sqlpp11/data_types/text/expression_operators.h
include/sqlpp11/data_types/text/like.h
include/sqlpp11/data_types/text/operand.h
include/sqlpp11/data_types/text/parameter_value.h
include/sqlpp11/data_types/text/result_field.h
include/sqlpp11/data_types/text/return_type_like.h
include/sqlpp11/data_types/text/wrap_operand.h
include/sqlpp11/data_types/time_of_day.h
include/sqlpp11/data_types/time_of_day/column_operators.h
include/sqlpp11/data_types/time_of_day/data_type.h
include/sqlpp11/data_types/time_of_day/expression_operators.h
include/sqlpp11/data_types/time_of_day/operand.h
include/sqlpp11/data_types/time_of_day/parameter_value.h
include/sqlpp11/data_types/time_of_day/result_field.h
include/sqlpp11/data_types/time_of_day/wrap_operand.h
include/sqlpp11/data_types/time_point.h
include/sqlpp11/data_types/time_point/column_operators.h
include/sqlpp11/data_types/time_point/data_type.h
include/sqlpp11/data_types/time_point/expression_operators.h
include/sqlpp11/data_types/time_point/operand.h
include/sqlpp11/data_types/time_point/parameter_value.h
include/sqlpp11/data_types/time_point/result_field.h
include/sqlpp11/data_types/time_point/wrap_operand.h
include/sqlpp11/data_types/unsigned_integral.h
include/sqlpp11/data_types/unsigned_integral/column_operators.h
include/sqlpp11/data_types/unsigned_integral/data_type.h
include/sqlpp11/data_types/unsigned_integral/expression_operators.h
include/sqlpp11/data_types/unsigned_integral/operand.h
include/sqlpp11/data_types/unsigned_integral/parameter_value.h
include/sqlpp11/data_types/unsigned_integral/result_field.h
include/sqlpp11/data_types/unsigned_integral/wrap_operand.h
include/sqlpp11/default_value.h
include/sqlpp11/detail/copy_tuple_args.h
include/sqlpp11/detail/enable_if.h
include/sqlpp11/detail/field_index_sequence.h
include/sqlpp11/detail/get_first.h
include/sqlpp11/detail/get_last.h
include/sqlpp11/detail/index_sequence.h
include/sqlpp11/detail/pick_arg.h
include/sqlpp11/detail/sum.h
include/sqlpp11/detail/type_set.h
include/sqlpp11/detail/type_vector.h
include/sqlpp11/detail/void.h
include/sqlpp11/dynamic_join.h
include/sqlpp11/dynamic_pre_join.h
include/sqlpp11/dynamic_select_column_list.h
include/sqlpp11/eval.h
include/sqlpp11/exception.h
include/sqlpp11/exists.h
include/sqlpp11/expression.h
include/sqlpp11/expression_fwd.h
include/sqlpp11/expression_operators.h
include/sqlpp11/expression_return_types.h
include/sqlpp11/field_spec.h
include/sqlpp11/for_update.h
include/sqlpp11/from.h
include/sqlpp11/functions.h
include/sqlpp11/group_by.h
include/sqlpp11/having.h
include/sqlpp11/hidden.h
include/sqlpp11/in.h
include/sqlpp11/in_fwd.h
include/sqlpp11/inconsistent.h
include/sqlpp11/insert.h
include/sqlpp11/insert_value.h
include/sqlpp11/insert_value_list.h
include/sqlpp11/interpret.h
include/sqlpp11/interpret_tuple.h
include/sqlpp11/interpretable.h
include/sqlpp11/interpretable_list.h
include/sqlpp11/interpreter.h
include/sqlpp11/into.h
include/sqlpp11/is_not_null.h
include/sqlpp11/is_null.h
include/sqlpp11/is_null_fwd.h
include/sqlpp11/join.h
include/sqlpp11/join_types.h
include/sqlpp11/limit.h
include/sqlpp11/logic.h
include/sqlpp11/multi_column.h
include/sqlpp11/named_interpretable.h
include/sqlpp11/no_data.h
include/sqlpp11/no_name.h
include/sqlpp11/noop.h
include/sqlpp11/noop_fwd.h
include/sqlpp11/not_in.h
include/sqlpp11/null.h
include/sqlpp11/offset.h
include/sqlpp11/on.h
include/sqlpp11/operand_check.h
include/sqlpp11/order_by.h
include/sqlpp11/over.h
include/sqlpp11/parameter.h
include/sqlpp11/parameter_list.h
include/sqlpp11/parameterized_verbatim.h
include/sqlpp11/policy_update.h
include/sqlpp11/pool_connection.h
include/sqlpp11/portable_static_assert.h
include/sqlpp11/ppgen.h
include/sqlpp11/ppgen/colops/auto_increment.h
include/sqlpp11/ppgen/colops/blob.h
include/sqlpp11/ppgen/colops/bool.h
include/sqlpp11/ppgen/colops/comment.h
include/sqlpp11/ppgen/colops/datetime.h
include/sqlpp11/ppgen/colops/default.h
include/sqlpp11/ppgen/colops/floating_point.h
include/sqlpp11/ppgen/colops/foreign_key.h
include/sqlpp11/ppgen/colops/index.h
include/sqlpp11/ppgen/colops/integer.h
include/sqlpp11/ppgen/colops/not_null.h
include/sqlpp11/ppgen/colops/null.h
include/sqlpp11/ppgen/colops/primary_key.h
include/sqlpp11/ppgen/colops/text.h
include/sqlpp11/ppgen/colops/timestamp.h
include/sqlpp11/ppgen/colops/unique_index.h
include/sqlpp11/ppgen/colops/unsigned_integer.h
include/sqlpp11/ppgen/colops/varchar.h
include/sqlpp11/ppgen/tblops/character_set.h
include/sqlpp11/ppgen/tblops/comment.h
include/sqlpp11/ppgen/tblops/default.h
include/sqlpp11/ppgen/tblops/engine.h
include/sqlpp11/ppgen/tools/tuple_pop_front.h
include/sqlpp11/ppgen/tools/wrap_seq.h
include/sqlpp11/pre_join.h
include/sqlpp11/prepared_execute.h
include/sqlpp11/prepared_insert.h
include/sqlpp11/prepared_remove.h
include/sqlpp11/prepared_select.h
include/sqlpp11/prepared_update.h
include/sqlpp11/remove.h
include/sqlpp11/result.h
include/sqlpp11/result_field.h
include/sqlpp11/result_field_base.h
include/sqlpp11/result_row.h
include/sqlpp11/result_row_fwd.h
include/sqlpp11/rhs_wrap.h
include/sqlpp11/schema.h
include/sqlpp11/schema_qualified_table.h
include/sqlpp11/select.h
include/sqlpp11/select_column_list.h
include/sqlpp11/select_flag_list.h
include/sqlpp11/select_flags.h
include/sqlpp11/select_pseudo_table.h
include/sqlpp11/serialize.h
include/sqlpp11/serializer.h
include/sqlpp11/serializer_context.h
include/sqlpp11/simple_column.h
include/sqlpp11/single_table.h
include/sqlpp11/some.h
include/sqlpp11/sort_order.h
include/sqlpp11/sqlpp11.h
include/sqlpp11/statement.h
include/sqlpp11/statement_fwd.h
include/sqlpp11/table.h
include/sqlpp11/table_alias.h
include/sqlpp11/table_ref.h
include/sqlpp11/transaction.h
include/sqlpp11/trim.h
include/sqlpp11/tvin.h
include/sqlpp11/type_traits.h
include/sqlpp11/unconditional.h
include/sqlpp11/union.h
include/sqlpp11/union_data.h
include/sqlpp11/union_flags.h
include/sqlpp11/update.h
include/sqlpp11/update_list.h
include/sqlpp11/using.h
include/sqlpp11/value.h
include/sqlpp11/value_or_null.h
include/sqlpp11/value_type.h
include/sqlpp11/value_type_fwd.h
include/sqlpp11/verbatim.h
include/sqlpp11/verbatim_table.h
include/sqlpp11/where.h
include/sqlpp11/with.h
include/sqlpp11/without_table_check.h
include/sqlpp11/wrap_operand.h
include/sqlpp11/wrong.h
pre-commit
scripts/ddl2cpp
scripts/sqlite2cpp.py
test_constraints/CMakeLists.txt
test_constraints/count_of_count.cpp
test_constraints/max_of_max.cpp
test_constraints/must_not_insert.cpp
test_constraints/must_not_update.cpp
test_constraints/no_conversion_operator_if_null_not_trivial.cpp
test_constraints/require_insert.cpp
test_scripts/CMakeLists.txt
test_scripts/ddl2cpp_sample_bad.sql
test_scripts/ddl2cpp_sample_good.sql
test_scripts/sample.cpp
test_scripts/sample_identity_naming.cpp
test_serializer/As.cpp
test_serializer/Blob.cpp
test_serializer/CMakeLists.txt
test_serializer/CustomQuery.cpp
test_serializer/DynamicWhere.cpp
test_serializer/ForUpdate.cpp
test_serializer/From.cpp
test_serializer/In.cpp
test_serializer/Insert.cpp
test_serializer/Over.cpp
test_serializer/ParameterizedVerbatim.cpp
test_serializer/TableAlias.cpp
test_serializer/Where.cpp
test_serializer/compare.h
test_static_asserts/AssertTables.h
test_static_asserts/AssertTables.sql
test_static_asserts/CMakeLists.txt
test_static_asserts/aggregates.cpp
test_static_asserts/case.cpp
test_static_asserts/date.cpp
test_static_asserts/date_time.cpp
test_static_asserts/from.cpp
test_static_asserts/having.cpp
test_static_asserts/in.cpp
test_static_asserts/insert.cpp
test_static_asserts/join.cpp
test_static_asserts/no_self_compare.cpp
test_static_asserts/text.cpp
test_static_asserts/unwrapped_bool.cpp
test_static_asserts/update_list.cpp
test_static_asserts/where.cpp
test_types/CMakeLists.txt
test_types/result_row.cpp
tests/BooleanExpression.cpp
tests/CMakeLists.txt
tests/CustomQuery.cpp
tests/DateTime.cpp
tests/Function.cpp
tests/Insert.cpp
tests/Interpret.cpp
tests/Minimalistic.cpp
tests/MockDb.h
tests/Ppgen.cpp
tests/Prepared.cpp
tests/Remove.cpp
tests/Result.cpp
tests/Sample.h
tests/Select.cpp
tests/SelectType.cpp
tests/Union.cpp
tests/Update.cpp
tests/With.cpp
tests/is_regular.h
tests/sample.sql
wishlist.md
